################################################################################
#                                                                              #
#      IAR Universal Linker V5.7.0.39                                          #
#                                                                              #
#           Link time     =  30/Oct/2014  13:19:47                             #
#           Target CPU    =  x51                                               #
#           List file     =  E:\witness\code\vitness\Projects\ble\SimpleBLEObs #
#                            erver\CC2540DB\CC2540EM+RN171\List\SimpleBLEObser #
#                            ver.map                                           #
#           Output file 1 =  E:\witness\code\vitness\Projects\ble\SimpleBLEObs #
#                            erver\CC2540DB\CC2540EM+RN171\Exe\SimpleBLEObserv #
#                            er.hex                                            #
#                            Format: intel-extended                            #
#           Output file 2 =  E:\witness\code\vitness\Projects\ble\SimpleBLEObs #
#                            erver\CC2540DB\CC2540EM+RN171\Exe\SimpleBLEObserv #
#                            er.d51                                            #
#                            Format: debug                                     #
#                            UBROF version 10.0.6                              #
#                            Using library modules for C-SPY (-rt)             #
#           Command line  =  "-IC:\Program Files\IAR Systems\Embedded Workbenc #
#                            h 6.5\8051\CONFIG\"                               #
#                            -D_NR_OF_BANKS=0x07 -D_CODEBANK_END=0xFFFF        #
#                            -D_CODEBANK_START=0x8000 -D?CBANK_MASK=0xFF       #
#                            -D?CBANK=0x9F                                     #
#                            E:\witness\code\vitness\Projects\ble\Libraries\CC #
#                            2540DB\bin\CC2540_BLE_observ.lib                  #
#                            E:\witness\code\vitness\Projects\ble\Libraries\Co #
#                            mmon\bin\CC254x_BLE_HCI_TL_None.lib               #
#                            E:\witness\code\vitness\Projects\ble\SimpleBLEObs #
#                            erver\CC2540DB\CC2540EM+RN171\Obj\OSAL.r51        #
#                            E:\witness\code\vitness\Projects\ble\SimpleBLEObs #
#                            erver\CC2540DB\CC2540EM+RN171\Obj\OSAL_ClockBLE.r #
#                            51                                                #
#                            E:\witness\code\vitness\Projects\ble\SimpleBLEObs #
#                            erver\CC2540DB\CC2540EM+RN171\Obj\OSAL_Memory.r51 #
#                            E:\witness\code\vitness\Projects\ble\SimpleBLEObs #
#                            erver\CC2540DB\CC2540EM+RN171\Obj\OSAL_PwrMgr.r51 #
#                            E:\witness\code\vitness\Projects\ble\SimpleBLEObs #
#                            erver\CC2540DB\CC2540EM+RN171\Obj\OSAL_SimpleBLEO #
#                            bserver.r51                                       #
#                            E:\witness\code\vitness\Projects\ble\SimpleBLEObs #
#                            erver\CC2540DB\CC2540EM+RN171\Obj\OSAL_Timers.r51 #
#                            E:\witness\code\vitness\Projects\ble\SimpleBLEObs #
#                            erver\CC2540DB\CC2540EM+RN171\Obj\OnBoard.r51     #
#                            E:\witness\code\vitness\Projects\ble\SimpleBLEObs #
#                            erver\CC2540DB\CC2540EM+RN171\Obj\gap.r51         #
#                            E:\witness\code\vitness\Projects\ble\SimpleBLEObs #
#                            erver\CC2540DB\CC2540EM+RN171\Obj\hal_adc.r51     #
#                            E:\witness\code\vitness\Projects\ble\SimpleBLEObs #
#                            erver\CC2540DB\CC2540EM+RN171\Obj\hal_aes.r51     #
#                            E:\witness\code\vitness\Projects\ble\SimpleBLEObs #
#                            erver\CC2540DB\CC2540EM+RN171\Obj\hal_dma.r51     #
#                            E:\witness\code\vitness\Projects\ble\SimpleBLEObs #
#                            erver\CC2540DB\CC2540EM+RN171\Obj\hal_drivers.r51 #
#                            E:\witness\code\vitness\Projects\ble\SimpleBLEObs #
#                            erver\CC2540DB\CC2540EM+RN171\Obj\hal_flash.r51   #
#                            E:\witness\code\vitness\Projects\ble\SimpleBLEObs #
#                            erver\CC2540DB\CC2540EM+RN171\Obj\hal_key.r51     #
#                            E:\witness\code\vitness\Projects\ble\SimpleBLEObs #
#                            erver\CC2540DB\CC2540EM+RN171\Obj\hal_lcd.r51     #
#                            E:\witness\code\vitness\Projects\ble\SimpleBLEObs #
#                            erver\CC2540DB\CC2540EM+RN171\Obj\hal_led.r51     #
#                            E:\witness\code\vitness\Projects\ble\SimpleBLEObs #
#                            erver\CC2540DB\CC2540EM+RN171\Obj\hal_sleep.r51   #
#                            E:\witness\code\vitness\Projects\ble\SimpleBLEObs #
#                            erver\CC2540DB\CC2540EM+RN171\Obj\hal_startup.r51 #
#                            E:\witness\code\vitness\Projects\ble\SimpleBLEObs #
#                            erver\CC2540DB\CC2540EM+RN171\Obj\hal_timer.r51   #
#                            E:\witness\code\vitness\Projects\ble\SimpleBLEObs #
#                            erver\CC2540DB\CC2540EM+RN171\Obj\hal_uart.r51    #
#                            E:\witness\code\vitness\Projects\ble\SimpleBLEObs #
#                            erver\CC2540DB\CC2540EM+RN171\Obj\npi.r51         #
#                            E:\witness\code\vitness\Projects\ble\SimpleBLEObs #
#                            erver\CC2540DB\CC2540EM+RN171\Obj\observer.r51    #
#                            E:\witness\code\vitness\Projects\ble\SimpleBLEObs #
#                            erver\CC2540DB\CC2540EM+RN171\Obj\osal_bufmgr.r51 #
#                            E:\witness\code\vitness\Projects\ble\SimpleBLEObs #
#                            erver\CC2540DB\CC2540EM+RN171\Obj\osal_cbtimer.r5 #
#                            1                                                 #
#                            E:\witness\code\vitness\Projects\ble\SimpleBLEObs #
#                            erver\CC2540DB\CC2540EM+RN171\Obj\osal_snv.r51    #
#                            E:\witness\code\vitness\Projects\ble\SimpleBLEObs #
#                            erver\CC2540DB\CC2540EM+RN171\Obj\simpleBLEObserv #
#                            er.r51                                            #
#                            E:\witness\code\vitness\Projects\ble\SimpleBLEObs #
#                            erver\CC2540DB\CC2540EM+RN171\Obj\simpleBLEObserv #
#                            er_Main.r51                                       #
#                            E:\witness\code\vitness\Projects\ble\SimpleBLEObs #
#                            erver\CC2540DB\CC2540EM+RN171\Obj\sys_tasks.r51   #
#                            E:\witness\code\vitness\Projects\ble\SimpleBLEObs #
#                            erver\CC2540DB\CC2540EM+RN171\Obj\wifly_util.r51  #
#                            -o                                                #
#                            E:\witness\code\vitness\Projects\ble\SimpleBLEObs #
#                            erver\CC2540DB\CC2540EM+RN171\Exe\SimpleBLEObserv #
#                            er.d51                                            #
#                            -l                                                #
#                            E:\witness\code\vitness\Projects\ble\SimpleBLEObs #
#                            erver\CC2540DB\CC2540EM+RN171\List\SimpleBLEObser #
#                            ver.map                                           #
#                            -xmsn -f                                          #
#                            E:\witness\code\vitness\Projects\ble\SimpleBLEObs #
#                            erver\CC2540DB\..\..\common\cc2540\ti_51ew_cc2540 #
#                            b.xcl                                             #
#                            (-D_IDATA_END=0xFF -D_PDATA_START=0x1E00          #
#                            -D_PDATA_END=0x1EFF -D_IXDATA_START=0x0001        #
#                            -D_IXDATA_END=0x1EFF                              #
#                            -D_XDATA_START=_IXDATA_START                      #
#                            -D_XDATA_END=_IXDATA_END -D_CODE_START=0x0000     #
#                            -D_CODE_END=0x7FFF -D_FIRST_BANK_ADDR=0x10000     #
#                            -D_NEAR_CODE_END=_CODE_END -D?REGISTER_BANK=0     #
#                            -D_REGISTER_BANK_START=0 -D?PBANK_NUMBER=0x1E     #
#                            -D_BREG_START=0x00 -D?VB=0x20                     #
#                            -D_FAR_DATA_NR_OF_BANKS=0x0E                      #
#                            -D_FAR_DATA_START=0x010001                        #
#                            -D_FAR_DATA_END=0xFFFFFF                          #
#                            -D_FAR_CODE_START=_CODE_START                     #
#                            -D_FAR_CODE_END=_CODE_END                         #
#                            -Z(BIT)BREG=_BREG_START -Z(BIT)BIT_N=0-7F         #
#                            -Z(DATA)REGISTERS+8=_REGISTER_BANK_START          #
#                            -Z(DATA)BDATA_Z,BDATA_N,BDATA_I=20-2F             #
#                            -Z(DATA)VREG+_NR_OF_VIRTUAL_REGISTERS=08-7F       #
#                            -Z(DATA)PSP,XSP=08-7F -Z(DATA)DOVERLAY=08-7F      #
#                            -Z(DATA)DATA_I,DATA_Z,DATA_N=08-7F                #
#                            -U(IDATA)0-7F=(DATA)0-7F                          #
#                            -Z(IDATA)IDATA_I,IDATA_Z,IDATA_N=08-_IDATA_END    #
#                            -Z(IDATA)ISTACK+_IDATA_STACK_SIZE#08-_IDATA_END   #
#                            -Z(IDATA)IOVERLAY=08-FF                           #
#                            -Z(CODE)INTVEC=_CODE_START                        #
#                            -Z(CODE)CSTART=_CODE_START-_CODE_END              #
#                            -Z(CODE)BIT_ID,BDATA_ID,DATA_ID,IDATA_ID,IXDATA_I #
#                            D,PDATA_ID,XDATA_ID=_CODE_START-_CODE_END         #
#                            -Z(CODE)HUGE_ID=_FAR_CODE_START-_FAR_CODE_END     #
#                            -D_SLEEP_CODE_SPACE_START=(_CODE_END-7)           #
#                            -D_SLEEP_CODE_SPACE_END=(_CODE_END)               #
#                            -Z(CODE)SLEEP_CODE=_SLEEP_CODE_SPACE_START-_SLEEP #
#                            _CODE_SPACE_END                                   #
#                            -Z(CODE)BANK_RELAYS,RCODE,DIFUNCT,CODE_N,NEAR_COD #
#                            E=_CODE_START-_CODE_END                           #
#                            -P(CODE)CODE_C=_CODE_START-_CODE_END              #
#                            -P(CONST)XDATA_ROM_C=0x8000-0xFFFF                #
#                            -P(CODE)XDATA_ROM_C_FLASH=0x18000-0x1FFFF         #
#                            -QXDATA_ROM_C=XDATA_ROM_C_FLASH                   #
#                            -P(CODE)BANKED_CODE=_CODE_START-_CODE_END,[(_CODE #
#                            BANK_START+_FIRST_BANK_ADDR)-(_CODEBANK_END+_FIRS #
#                            T_BANK_ADDR)]*_NR_OF_BANKS+10000                  #
#                            -P(CODE)FAR_CODE_C,FAR_CODE_N,FAR_CODE=[_FAR_CODE #
#                            _START-_FAR_CODE_END]/10000                       #
#                            -P(CODE)HUGE_CODE_C=_FAR_CODE_START-_FAR_CODE_END #
#                            -Z(CODE)CHECKSUM#_CODE_END                        #
#                            -Z(XDATA)EXT_STACK+_EXTENDED_STACK_SIZE=_EXTENDED #
#                            _STACK_START                                      #
#                            -Z(XDATA)PSTACK+_PDATA_STACK_SIZE=_PDATA_START-_P #
#                            DATA_END                                          #
#                            -Z(XDATA)XSTACK+_XDATA_STACK_SIZE=_XDATA_START-_X #
#                            DATA_END                                          #
#                            -Z(XDATA)PDATA_Z,PDATA_I=_PDATA_START-_PDATA_END  #
#                            -P(XDATA)PDATA_N=_PDATA_START-_PDATA_END          #
#                            -Z(XDATA)IXDATA_Z,IXDATA_I=_IXDATA_START-_IXDATA_ #
#                            END                                               #
#                            -P(XDATA)IXDATA_N=_IXDATA_START-_IXDATA_END       #
#                            -Z(XDATA)XDATA_Z,XDATA_I=_XDATA_START-_XDATA_END  #
#                            -P(XDATA)XDATA_N=_XDATA_START-_XDATA_END          #
#                            -Z(XDATA)XDATA_HEAP+_XDATA_HEAP_SIZE=_XDATA_START #
#                            -_XDATA_END                                       #
#                            -Z(XDATA)FAR_Z=[_FAR_DATA_START-_FAR_DATA_END]/10 #
#                            000                                               #
#                            -Z(XDATA)FAR_I=[_FAR_DATA_START-_FAR_DATA_END]/10 #
#                            000                                               #
#                            -Z(CODE)FAR_ID=[_FAR_CODE_START-_FAR_CODE_END]/10 #
#                            000                                               #
#                            -Z(XDATA)FAR_HEAP+_FAR_HEAP_SIZE=[_FAR_DATA_START #
#                            -_FAR_DATA_END]/10000                             #
#                            -P(XDATA)FAR_N=[_FAR_DATA_START-_FAR_DATA_END]*_F #
#                            AR_DATA_NR_OF_BANKS+10000                         #
#                            -P(CONST)FAR_ROM_C=[_FAR_DATA_START-_FAR_DATA_END #
#                            ]*_FAR_DATA_NR_OF_BANKS+10000                     #
#                            -Z(XDATA)HUGE_Z,HUGE_I=_FAR_DATA_START-_FAR_DATA_ #
#                            END                                               #
#                            -P(XDATA)HUGE_N=_FAR_DATA_START-_FAR_DATA_END     #
#                            -Z(XDATA)HUGE_HEAP+_HUGE_HEAP_SIZE=_FAR_DATA_STAR #
#                            T-_FAR_DATA_END                                   #
#                            -Z(CONST)HUGE_ROM_C=_FAR_DATA_START-_FAR_DATA_END #
#                            -cx51 -D_BLENV_ADDRESS_SPACE_START=0x7E800        #
#                            -D_BLENV_ADDRESS_SPACE_END=0x7F7FF                #
#                            -Z(CODE)BLENV_ADDRESS_SPACE=_BLENV_ADDRESS_SPACE_ #
#                            START-_BLENV_ADDRESS_SPACE_END                    #
#                            -D_BANK0_START=0x00000 -D_BANK0_END=0x07FFF       #
#                            -D_BANK1_START=0x18000 -D_BANK1_END=0x1FFFF       #
#                            -D_BANK2_START=0x28000 -D_BANK2_END=0x2FFFF       #
#                            -D_BANK3_START=0x38000 -D_BANK3_END=0x3FFFF       #
#                            -D_BANK4_START=0x48000 -D_BANK4_END=0x4FFFF       #
#                            -D_BANK5_START=0x58000 -D_BANK5_END=0x5FFFF       #
#                            -D_BANK6_START=0x68000 -D_BANK6_END=0x6FFFF       #
#                            -D_BANK7_START=0x78000                            #
#                            -D_BANK7_END=(_BLENV_ADDRESS_SPACE_START-1)       #
#                            -P(CODE)BANK0=_BANK0_START-_BANK0_END             #
#                            -P(CODE)BANK1=_BANK1_START-_BANK1_END             #
#                            -P(CODE)BANK2=_BANK2_START-_BANK2_END             #
#                            -P(CODE)BANK3=_BANK3_START-_BANK3_END             #
#                            -P(CODE)BANK4=_BANK4_START-_BANK4_END             #
#                            -P(CODE)BANK5=_BANK5_START-_BANK5_END             #
#                            -P(CODE)BANK6=_BANK6_START-_BANK6_END             #
#                            -P(CODE)BANK7=_BANK7_START-_BANK7_END             #
#                            -M(CODE)[(_CODEBANK_START+_FIRST_BANK_ADDR)-(_COD #
#                            EBANK_END+_FIRST_BANK_ADDR)]*_NR_OF_BANKS+0x10000 #
#                            =0x8000                                           #
#                            -ww69=i                                           #
#                            -D_FLASH_LOCK_BITS_START=((_NR_OF_BANKS*_FIRST_BA #
#                            NK_ADDR)+0xFFF0)                                  #
#                            -D_FLASH_LOCK_BITS_END=((_NR_OF_BANKS*_FIRST_BANK #
#                            _ADDR)+0xFFFF)                                    #
#                            -Z(CODE)FLASH_LOCK_BITS=_FLASH_LOCK_BITS_START-_F #
#                            LASH_LOCK_BITS_END                                #
#                            -U(CODE)0x0000=(CODE)_FLASH_LOCK_BITS_START-_FLAS #
#                            H_LOCK_BITS_END)                                  #
#                            -D_NR_OF_VIRTUAL_REGISTERS=10 -D?PBANK=0x93       #
#                            -e?BCALL_FF=?BCALL -e?BRET_FF=?BRET               #
#                            -e?BDISPATCH_FF=?BDISPATCH                        #
#                            -e_small_write=_formatted_write                   #
#                            -e_medium_read=_formatted_read -rt                #
#                            -Ointel-extended=E:\witness\code\vitness\Projects #
#                            \ble\SimpleBLEObserver\CC2540DB\CC2540EM+RN171\Ex #
#                            e\SimpleBLEObserver.hex                           #
#                            -s __program_start                                #
#                            "C:\Program Files\IAR Systems\Embedded Workbench  #
#                            6.5\8051\LIB\CLIB\cl-pli-blxd-1e16x01.r51"        #
#                            -D_IDATA_STACK_SIZE=0xC0 -D?ESP=0 -D?ESP_MASK=0   #
#                            -D_EXTENDED_STACK_START=0                         #
#                            -D_EXTENDED_STACK_SIZE=0                          #
#                            -D_PDATA_STACK_SIZE=0x00                          #
#                            -D_XDATA_STACK_SIZE=0x280                         #
#                            -D_XDATA_HEAP_SIZE=0xFF -D_FAR_HEAP_SIZE=0xFFF    #
#                            -D_HUGE_HEAP_SIZE=0xFFF                           #
#                            -D_FAR22_HEAP_SIZE=0xFFF                          #
#                                                                              #
#                           Copyright (C) 1987-2013 IAR Systems AB.            #
################################################################################





                ****************************************
                *                                      *
                *           CROSS REFERENCE            *
                *                                      *
                ****************************************

       Program entry at : CODE      00000107  Relocatable, from module : CSTARTUP




                ****************************************
                *                                      *
                *            RUNTIME MODEL             *
                *                                      *
                ****************************************

  __SystemLibrary          = CLib
  __calling_convention     = xdata_reentrant
  __code_model             = banked
  __core                   = plain
  __data_model             = large
  __dptr_size              = 16
  __extended_stack         = disabled
  __location_for_constants = data
  __number_of_dptrs        = 1
  __rt_version             = 1

                ****************************************
                *                                      *
                *    AUTOMATIC SYMBOL REDIRECTIONS     *
                *                                      *
                ****************************************

                  There are no automatic symbol redirections.



                ****************************************
                *                                      *
                *              MODULE MAP              *
                *                                      *
                ****************************************


  DEFINED ABSOLUTE ENTRIES
    *************************************************************************

  DEFINED ABSOLUTE ENTRIES
  PROGRAM MODULE, NAME : ?ABS_ENTRY_MOD

Absolute parts
           ENTRY                   ADDRESS         REF BY
           =====                   =======         ======
           _FAR22_HEAP_SIZE        00000FFF 
           _HUGE_HEAP_SIZE         00000FFF 
           _FAR_HEAP_SIZE          00000FFF 
           _XDATA_HEAP_SIZE        000000FF 
           _XDATA_STACK_SIZE       00000280 
           _PDATA_STACK_SIZE       00000000 
           _EXTENDED_STACK_SIZE    00000000 
           _EXTENDED_STACK_START   00000000 
           ?ESP_MASK               00000000 
           ?ESP                    00000000 
           _IDATA_STACK_SIZE       000000C0 
           ?PBANK                  00000093 
           _NR_OF_VIRTUAL_REGISTERS
                                   00000010 
           _FLASH_LOCK_BITS_END    0003FFFF 
           _FLASH_LOCK_BITS_START
                                   0003FFF0 
           _BANK7_END              0003E7FF 
           _BANK7_START            00038000 
           _BANK6_END              00037FFF 
           _BANK6_START            00030000 
           _BANK5_END              0002FFFF 
           _BANK5_START            00028000 
           _BANK4_END              00027FFF 
           _BANK4_START            00020000 
           _BANK3_END              0001FFFF 
           _BANK3_START            00018000 
           _BANK2_END              00017FFF 
           _BANK2_START            00010000 
           _BANK1_END              0000FFFF 
           _BANK1_START            00008000 
           _BANK0_END              00007FFF 
           _BANK0_START            00000000 
           _BLENV_ADDRESS_SPACE_END
                                   0003F7FF 
           _BLENV_ADDRESS_SPACE_START
                                   0003E800 
           _SLEEP_CODE_SPACE_END   00007FFF 
           _SLEEP_CODE_SPACE_START
                                   00007FF8 
           _FAR_CODE_END           00007FFF 
           _FAR_CODE_START         00000000 
           _FAR_DATA_END           00FFFFFF 
           _FAR_DATA_START         00010001 
           _FAR_DATA_NR_OF_BANKS   0000000E 
           ?VB                     00000020        ?BANKED_ENTER_XDATA (?BANKED_ENTER_XDATA)
                                                   ?BANKED_LEAVE_XDATA (?BANKED_LEAVE_XDATA)
                                                   ?FUNC_ENTER_XDATA (?FUNC_ENTER_XDATA)
                                                   ?FUNC_LEAVE_XDATA (?FUNC_LEAVE_XDATA)
                                                   ?INTERRUPT_ENTER_XSP (?INTERRUPT_ENTER_XSP)
                                                   ?INTERRUPT_LEAVE_XSP (?INTERRUPT_LEAVE_XSP)
           _BREG_START             00000000 
           ?PBANK_NUMBER           0000001E 
           _REGISTER_BANK_START    00000000 
           ?REGISTER_BANK          00000000        Segment part 6 (CSTARTUP)
           _NEAR_CODE_END          00007FFF 
           _FIRST_BANK_ADDR        00010000 
           _CODE_END               00007FFF 
           _CODE_START             00000000 
           _XDATA_END              00001EFF 
           _XDATA_START            00000001 
           _IXDATA_END             00001EFF 
           _IXDATA_START           00000001 
           _PDATA_END              00001EFF 
           _PDATA_START            00001E00 
           _IDATA_END              000000FF 
           ?CBANK                  0000009F        ?RESET_CODE_BANK (CSTARTUP)
                                                   Segment part 0 (?BANKED_CODE_SUPPORT)
           ?CBANK_MASK             000000FF 
           _CODEBANK_START         00008000 
           _CODEBANK_END           0000FFFF 
           _NR_OF_BANKS            00000007 
    *************************************************************************

  FILE NAME : E:\witness\code\vitness\Projects\ble\Libraries\CC2540DB\bin\CC2540_BLE_observ.lib
  LIBRARY MODULE, NAME : gap_centdevmgr

  SEGMENTS IN THE MODULE
  ======================
XDATA_Z
  Relative segment, address: XDATA 00000281 - 00000282 (0x2 bytes), align: 0
  Segment part 6.             Intra module refs:   GAP_CentDevMgrInit
                                                   Segment part 42
                                                   Segment part 50
                                                   gapFreeScanRecs
                                                   gapProcessAdvertDevInfo
                                                   gapSendDevDiscEvent
    -------------------------------------------------------------------------
XDATA_Z
  Relative segment, address: XDATA 00000283 - 00000283 (0x1 bytes), align: 0
  Segment part 7.             Intra module refs:   GAP_CentDevMgrInit
                                                   gapProcessAdvertDevInfo
                                                   gapSendDevDiscEvent
    -------------------------------------------------------------------------
XDATA_I
  Relative segment, address: XDATA 000007C5 - 000007C8 (0x4 bytes), align: 0
  Segment part 8.             Intra module refs:   GAP_CentDevMgrInit
    -------------------------------------------------------------------------
<BANKED_CODE,CODE_C> 1 (was BANKED_CODE)
  Relative segment, address: CODE 000025A3 - 0000267F (0xdd bytes), align: 0
  Segment part 12.            Intra module refs:   GAP_DeviceDiscoveryRequest::?relay
           ENTRY                   ADDRESS         REF BY
           =====                   =======         ======
           GAP_DeviceDiscoveryRequest
                                   000025A3 
               calls direct
               XSTACK = 00000000 ( 0000000E )
    -------------------------------------------------------------------------
<BANKED_CODE,CODE_C> 1 (was BANKED_CODE)
  Relative segment, address: CODE 00002680 - 00002684 (0x5 bytes), align: 0
  Segment part 14.            Intra module refs:   GAP_DeviceDiscoveryRequest
                                                   gapProcessScanningEvt
                                                   gapSetScanParamStatus
    -------------------------------------------------------------------------
<BANKED_CODE,CODE_C> 1 (was BANKED_CODE)
  Relative segment, address: CODE 00002685 - 00002687 (0x3 bytes), align: 0
  Segment part 15.            Intra module refs:   GAP_DeviceDiscoveryRequest
                                                   gapSendDevDiscEvent
    -------------------------------------------------------------------------
<BANKED_CODE,CODE_C> 1 (was BANKED_CODE)
  Relative segment, address: CODE 00002688 - 0000268D (0x6 bytes), align: 0
  Segment part 16.            Intra module refs:   Segment part 15
                                                   gapFreeScanRecs
                                                   gapSendDeviceInfoEvent
    -------------------------------------------------------------------------
<BANKED_CODE,CODE_C> 1 (was BANKED_CODE)
  Relative segment, address: CODE 0000268E - 0000268F (0x2 bytes), align: 0
  Segment part 17.            Intra module refs:   GAP_DeviceDiscoveryCancel
                                                   gapSetScanParamStatus
    -------------------------------------------------------------------------
<BANKED_CODE,CODE_C> 1 (was BANKED_CODE)
  Relative segment, address: CODE 00002690 - 00002692 (0x3 bytes), align: 0
  Segment part 18.            Intra module refs:   GAP_DeviceDiscoveryRequest
                                                   Segment part 17
                                                   gapProcessAdvertDevInfo
                                                   gapProcessScanningEvt
                                                   gapSendDevDiscEvent
                                                   gapSendDeviceInfoEvent
    -------------------------------------------------------------------------
<BANKED_CODE,CODE_C> 1 (was BANKED_CODE)
  Relative segment, address: CODE 00002693 - 0000269A (0x8 bytes), align: 0
  Segment part 19.            Intra module refs:   GAP_CentDevMgrInit
                                                   Segment part 18
                                                   gapFreeScanRecs
                                                   gapProcessAdvertDevInfo
                                                   gapSendDevDiscEvent
    -------------------------------------------------------------------------
<BANKED_CODE,CODE_C> 1 (was BANKED_CODE)
  Relative segment, address: CODE 0000269B - 000026C9 (0x2f bytes), align: 0
  Segment part 20.            Intra module refs:   GAP_DeviceDiscoveryCancel::?relay
           ENTRY                   ADDRESS         REF BY
           =====                   =======         ======
           GAP_DeviceDiscoveryCancel
                                   0000269B 
               calls direct
               XSTACK = 00000000 ( 00000009 )
    -------------------------------------------------------------------------
<BANKED_CODE,CODE_C> 1 (was BANKED_CODE)
  Relative segment, address: CODE 000026CA - 000026CE (0x5 bytes), align: 0
  Segment part 22.            Intra module refs:   GAP_CentDevMgrInit
                                                   GAP_DeviceDiscoveryCancel
    -------------------------------------------------------------------------
<BANKED_CODE,CODE_C> 1 (was BANKED_CODE)
  Relative segment, address: CODE 000026CF - 00002750 (0x82 bytes), align: 0
  Segment part 23.            Intra module refs:   GAP_CentDevMgrInit::?relay
           ENTRY                   ADDRESS         REF BY
           =====                   =======         ======
           GAP_CentDevMgrInit      000026CF 
               calls direct
               XSTACK = 00000000 ( 00000009 )
    -------------------------------------------------------------------------
<BANKED_CODE,CODE_C> 1 (was BANKED_CODE)
  Relative segment, address: CODE 00002751 - 0000278A (0x3a bytes), align: 0
  Segment part 27.            Intra module refs:   gapCentProcessHCICmdEvt::?relay
           LOCAL                   ADDRESS         
           =====                   =======         
           gapCentProcessHCICmdEvt
                                   00002751 
               calls direct, is indirectly called
               XSTACK = 00000000 ( 0000000A )
    -------------------------------------------------------------------------
<BANKED_CODE,CODE_C> 1 (was BANKED_CODE)
  Relative segment, address: CODE 0000278B - 0000278F (0x5 bytes), align: 0
  Segment part 29.            Intra module refs:   gapCentProcessHCICmdEvt
                                                   gapSendScanEnable
    -------------------------------------------------------------------------
<BANKED_CODE,CODE_C> 1 (was BANKED_CODE)
  Relative segment, address: CODE 00002790 - 00002792 (0x3 bytes), align: 0
  Segment part 30.            Intra module refs:   gapCentProcessHCICmdEvt
                                                   gapProcessAdvertDevInfo
    -------------------------------------------------------------------------
<BANKED_CODE,CODE_C> 1 (was BANKED_CODE)
  Relative segment, address: CODE 00002793 - 00002798 (0x6 bytes), align: 0
  Segment part 31.            Intra module refs:   GAP_DeviceDiscoveryCancel
                                                   Segment part 30
                                                   gapSetScanParamStatus
    -------------------------------------------------------------------------
<BANKED_CODE,CODE_C> 1 (was BANKED_CODE)
  Relative segment, address: CODE 00002799 - 000027FC (0x64 bytes), align: 0
  Segment part 34.            Intra module refs:   gapSetScanParamStatus::?relay
           ENTRY                   ADDRESS         REF BY
           =====                   =======         ======
           gapSetScanParamStatus   00002799 
               calls direct
               XSTACK = 0000000A ( 00000010 )
    -------------------------------------------------------------------------
<BANKED_CODE,CODE_C> 1 (was BANKED_CODE)
  Relative segment, address: CODE 000027FD - 00002889 (0x8d bytes), align: 0
  Segment part 36.            Intra module refs:   gapProcessScanningEvt::?relay
           LOCAL                   ADDRESS         
           =====                   =======         
           gapProcessScanningEvt   000027FD 
               calls direct, is indirectly called
               XSTACK = 00000000 ( 0000000C )
    -------------------------------------------------------------------------
<BANKED_CODE,CODE_C> 1 (was BANKED_CODE)
  Relative segment, address: CODE 0000288A - 0000291C (0x93 bytes), align: 0
  Segment part 38.            Intra module refs:   gapFreeScanRecs::?relay
           LOCAL                   ADDRESS         
           =====                   =======         
           gapFreeScanRecs         0000288A 
               calls direct
               XSTACK = 00000010 ( 0000000B )
    -------------------------------------------------------------------------
<BANKED_CODE,CODE_C> 1 (was BANKED_CODE)
  Relative segment, address: CODE 0000291D - 00002923 (0x7 bytes), align: 0
  Segment part 40.            Intra module refs:   GAP_CentDevMgrInit
                                                   gapFreeScanRecs
    -------------------------------------------------------------------------
<BANKED_CODE,CODE_C> 1 (was BANKED_CODE)
  Relative segment, address: CODE 00002924 - 00002927 (0x4 bytes), align: 0
  Segment part 41.            Intra module refs:   gapFreeScanRecs
    -------------------------------------------------------------------------
<BANKED_CODE,CODE_C> 1 (was BANKED_CODE)
  Relative segment, address: CODE 00002928 - 0000293D (0x16 bytes), align: 0
  Segment part 42.            Intra module refs:   Segment part 41
                                                   Segment part 43
    -------------------------------------------------------------------------
<BANKED_CODE,CODE_C> 1 (was BANKED_CODE)
  Relative segment, address: CODE 0000293E - 00002943 (0x6 bytes), align: 0
  Segment part 43.            Intra module refs:   gapFreeScanRecs
    -------------------------------------------------------------------------
<BANKED_CODE,CODE_C> 1 (was BANKED_CODE)
  Relative segment, address: CODE 00002944 - 00002C41 (0x2fe bytes), align: 0
  Segment part 44.            Intra module refs:   gapProcessAdvertDevInfo::?relay
           LOCAL                   ADDRESS         
           =====                   =======         
           gapProcessAdvertDevInfo
                                   00002944 
               calls direct
               XSTACK = 0000000C ( 0000001B )
               ISTACK = 00000000 ( 00000001 )
    -------------------------------------------------------------------------
<BANKED_CODE,CODE_C> 1 (was BANKED_CODE)
  Relative segment, address: CODE 00002C42 - 00002C4A (0x9 bytes), align: 0
  Segment part 46.            Intra module refs:   gapProcessAdvertDevInfo
    -------------------------------------------------------------------------
<BANKED_CODE,CODE_C> 1 (was BANKED_CODE)
  Relative segment, address: CODE 00002C4B - 00002C52 (0x8 bytes), align: 0
  Segment part 47.            Intra module refs:   gapFreeScanRecs
                                                   gapProcessAdvertDevInfo
    -------------------------------------------------------------------------
<BANKED_CODE,CODE_C> 1 (was BANKED_CODE)
  Relative segment, address: CODE 00002C53 - 00002D99 (0x147 bytes), align: 0
  Segment part 48.            Intra module refs:   gapSendDevDiscEvent::?relay
           LOCAL                   ADDRESS         
           =====                   =======         
           gapSendDevDiscEvent     00002C53 
               calls direct
               XSTACK = 0000000C ( 00000012 )
               ISTACK = 00000000 ( 00000001 )
    -------------------------------------------------------------------------
<BANKED_CODE,CODE_C> 1 (was BANKED_CODE)
  Relative segment, address: CODE 00002D9A - 00002DAE (0x15 bytes), align: 0
  Segment part 50.            Intra module refs:   Segment part 40
                                                   gapSendDevDiscEvent
    -------------------------------------------------------------------------
<BANKED_CODE,CODE_C> 1 (was BANKED_CODE)
  Relative segment, address: CODE 00002DAF - 00002DB9 (0xb bytes), align: 0
  Segment part 51.            Intra module refs:   gapProcessAdvertDevInfo
                                                   gapSendDevDiscEvent
    -------------------------------------------------------------------------
<BANKED_CODE,CODE_C> 1 (was BANKED_CODE)
  Relative segment, address: CODE 00002DBA - 00002DCB (0x12 bytes), align: 0
  Segment part 52.            Intra module refs:   gapProcessAdvertDevInfo
                                                   gapSendDevDiscEvent
    -------------------------------------------------------------------------
<BANKED_CODE,CODE_C> 1 (was BANKED_CODE)
  Relative segment, address: CODE 00002DCC - 00002DD2 (0x7 bytes), align: 0
  Segment part 53.            Intra module refs:   gapSendDevDiscEvent
                                                   gapSendDeviceInfoEvent
    -------------------------------------------------------------------------
<BANKED_CODE,CODE_C> 1 (was BANKED_CODE)
  Relative segment, address: CODE 00002DD3 - 00002DDD (0xb bytes), align: 0
  Segment part 54.            Intra module refs:   Segment part 53
                                                   gapCentProcessHCICmdEvt
    -------------------------------------------------------------------------
<BANKED_CODE,CODE_C> 1 (was BANKED_CODE)
  Relative segment, address: CODE 00002DDE - 00002E00 (0x23 bytes), align: 0
  Segment part 55.            Intra module refs:   gapSendScanEnable::?relay
           LOCAL                   ADDRESS         
           =====                   =======         
           gapSendScanEnable       00002DDE 
               calls direct
               XSTACK = 0000000C ( 0000000A )
    -------------------------------------------------------------------------
<BANKED_CODE,CODE_C> 1 (was BANKED_CODE)
  Relative segment, address: CODE 00002E01 - 00002F1A (0x11a bytes), align: 0
  Segment part 57.            Intra module refs:   gapSendDeviceInfoEvent::?relay
           LOCAL                   ADDRESS         
           =====                   =======         
           gapSendDeviceInfoEvent
                                   00002E01 
               calls direct
               XSTACK = 0000000C ( 00000010 )
               ISTACK = 00000000 ( 00000001 )
    -------------------------------------------------------------------------
<BANKED_CODE,CODE_C> 1 (was BANKED_CODE)
  Relative segment, address: CODE 00002F1B - 00002F22 (0x8 bytes), align: 0
  Segment part 59.            Intra module refs:   gapSendDevDiscEvent
                                                   gapSendDeviceInfoEvent
    -------------------------------------------------------------------------
<BANKED_CODE,CODE_C> 1 (was BANKED_CODE)
  Relative segment, address: CODE 00002F23 - 00002F2B (0x9 bytes), align: 0
  Segment part 60.            Intra module refs:   gapSendDeviceInfoEvent
    -------------------------------------------------------------------------
XDATA_ID
  Relative segment, address: CODE 00000137 - 0000013A (0x4 bytes), align: 0
  Segment part 9.             Intra module refs:   Segment part 8
    -------------------------------------------------------------------------
BANK_RELAYS
  Relative segment, address: CODE 0000022C - 00000231 (0x6 bytes), align: 0
  Segment part 13.
           ENTRY                   ADDRESS         REF BY
           =====                   =======         ======
           GAP_DeviceDiscoveryRequest::?relay
                                   0000022C        GAPObserverRole_StartDiscovery (observer)
    -------------------------------------------------------------------------
BANK_RELAYS
  Relative segment, address: CODE 00000232 - 00000237 (0x6 bytes), align: 0
  Segment part 21.
           ENTRY                   ADDRESS         REF BY
           =====                   =======         ======
           GAP_DeviceDiscoveryCancel::?relay
                                   00000232        GAPObserverRole_CancelDiscovery (observer)
    -------------------------------------------------------------------------
BANK_RELAYS
  Relative segment, address: CODE 00000238 - 0000023D (0x6 bytes), align: 0
  Segment part 24.
           ENTRY                   ADDRESS         REF BY
           =====                   =======         ======
           GAP_CentDevMgrInit::?relay
                                   00000238        GAP_DeviceInit (gap)
    -------------------------------------------------------------------------
BANK_RELAYS
  Relative segment, address: CODE 0000023E - 00000243 (0x6 bytes), align: 0
  Segment part 28.            Intra module refs:   Segment part 9
           LOCAL                   ADDRESS         
           =====                   =======         
           gapCentProcessHCICmdEvt::?relay
                                   0000023E 
    -------------------------------------------------------------------------
BANK_RELAYS
  Relative segment, address: CODE 00000244 - 00000249 (0x6 bytes), align: 0
  Segment part 35.            Intra module refs:   gapCentProcessHCICmdEvt
           ENTRY                   ADDRESS         REF BY
           =====                   =======         ======
           gapSetScanParamStatus::?relay
                                   00000244 
    -------------------------------------------------------------------------
BANK_RELAYS
  Relative segment, address: CODE 0000024A - 0000024F (0x6 bytes), align: 0
  Segment part 37.            Intra module refs:   Segment part 9
           LOCAL                   ADDRESS         
           =====                   =======         
           gapProcessScanningEvt::?relay
                                   0000024A 
    -------------------------------------------------------------------------
BANK_RELAYS
  Relative segment, address: CODE 00000250 - 00000255 (0x6 bytes), align: 0
  Segment part 39.            Intra module refs:   GAP_CentDevMgrInit
                                                   gapSendDevDiscEvent
           LOCAL                   ADDRESS         
           =====                   =======         
           gapFreeScanRecs::?relay
                                   00000250 
    -------------------------------------------------------------------------
BANK_RELAYS
  Relative segment, address: CODE 00000256 - 0000025B (0x6 bytes), align: 0
  Segment part 45.            Intra module refs:   gapProcessScanningEvt
           LOCAL                   ADDRESS         
           =====                   =======         
           gapProcessAdvertDevInfo::?relay
                                   00000256 
    -------------------------------------------------------------------------
BANK_RELAYS
  Relative segment, address: CODE 0000025C - 00000261 (0x6 bytes), align: 0
  Segment part 49.            Intra module refs:   GAP_DeviceDiscoveryCancel
                                                   gapProcessScanningEvt
                                                   gapSetScanParamStatus
           LOCAL                   ADDRESS         
           =====                   =======         
           gapSendDevDiscEvent::?relay
                                   0000025C 
    -------------------------------------------------------------------------
BANK_RELAYS
  Relative segment, address: CODE 00000262 - 00000267 (0x6 bytes), align: 0
  Segment part 56.            Intra module refs:   GAP_DeviceDiscoveryCancel
                                                   gapProcessScanningEvt
                                                   gapSetScanParamStatus
           LOCAL                   ADDRESS         
           =====                   =======         
           gapSendScanEnable::?relay
                                   00000262 
    -------------------------------------------------------------------------
BANK_RELAYS
  Relative segment, address: CODE 00000268 - 0000026D (0x6 bytes), align: 0
  Segment part 58.            Intra module refs:   gapProcessScanningEvt
           LOCAL                   ADDRESS         
           =====                   =======         
           gapSendDeviceInfoEvent::?relay
                                   00000268 

    -------------------------------------------------------------------------
  LIBRARY MODULE, NAME : gap_configmgr

  SEGMENTS IN THE MODULE
  ======================
XDATA_I
  Relative segment, address: XDATA 000007C9 - 000007C9 (0x1 bytes), align: 0
  Segment part 6.             Intra module refs:   GAP_ParamsInit
                                                   gapProcessRandomAddrComplete
                                                   gapSendDeviceInitDoneEvent
           ENTRY                   ADDRESS         REF BY
           =====                   =======         ======
           gapAppTaskID            000007C9 
    -------------------------------------------------------------------------
XDATA_Z
  Relative segment, address: XDATA 00000284 - 00000284 (0x1 bytes), align: 0
  Segment part 8.             Intra module refs:   GAP_ParamsInit
           ENTRY                   ADDRESS         REF BY
           =====                   =======         ======
           gapProfileRole          00000284        GAP_CentDevMgrInit (gap_centdevmgr)
                                                   GAP_DeviceDiscoveryRequest (gap_centdevmgr)
    -------------------------------------------------------------------------
XDATA_Z
  Relative segment, address: XDATA 00000285 - 00000285 (0x1 bytes), align: 0
  Segment part 9.             Intra module refs:   gapProcessRandomAddrComplete
           ENTRY                   ADDRESS         REF BY
           =====                   =======         ======
           gapDeviceAddrMode       00000285        GAP_DeviceDiscoveryRequest (gap_centdevmgr)
    -------------------------------------------------------------------------
XDATA_Z
  Relative segment, address: XDATA 00000286 - 00000286 (0x1 bytes), align: 0
  Segment part 11.            Intra module refs:   gapProcessRandomAddrComplete
           ENTRY                   ADDRESS         REF BY
           =====                   =======         ======
           gapAutoAdvPrivateAddrChange
                                   00000286 
    -------------------------------------------------------------------------
XDATA_Z
  Relative segment, address: XDATA 00000287 - 00000296 (0x10 bytes), align: 0
  Segment part 12.            Intra module refs:   GAP_ParamsInit
                                                   gapReadBD_ADDRStatus
                                                   gapReadBufSizeCmdStatus
                                                   gapSendDeviceInitDoneEvent
    -------------------------------------------------------------------------
XDATA_I
  Relative segment, address: XDATA 000007CA - 00000817 (0x4e bytes), align: 0
  Segment part 13.            Intra module refs:   Segment part 22
    -------------------------------------------------------------------------
XDATA_Z
  Relative segment, address: XDATA 00000297 - 0000029C (0x6 bytes), align: 0
  Segment part 15.            Intra module refs:   gapProcessRandomAddrComplete
    -------------------------------------------------------------------------
<BANKED_CODE,CODE_C> 1 (was BANKED_CODE)
  Relative segment, address: CODE 00007345 - 0000736C (0x28 bytes), align: 0
  Segment part 18.            Intra module refs:   GAP_SetParamValue::?relay
           ENTRY                   ADDRESS         REF BY
           =====                   =======         ======
           GAP_SetParamValue       00007345 
               ISTACK = 00000000 ( 00000002 )
    -------------------------------------------------------------------------
<BANKED_CODE,CODE_C> 1 (was BANKED_CODE)
  Relative segment, address: CODE 0000736D - 00007388 (0x1c bytes), align: 0
  Segment part 20.            Intra module refs:   GAP_GetParamValue::?relay
           ENTRY                   ADDRESS         REF BY
           =====                   =======         ======
           GAP_GetParamValue       0000736D 
               XSTACK = 00000014 ( 00000000 )
               ISTACK = 00000000 ( 00000002 )
    -------------------------------------------------------------------------
<BANKED_CODE,CODE_C> 1 (was BANKED_CODE)
  Relative segment, address: CODE 00007389 - 0000739A (0x12 bytes), align: 0
  Segment part 22.            Intra module refs:   GAP_GetParamValue
                                                   GAP_SetParamValue
    -------------------------------------------------------------------------
<BANKED_CODE,CODE_C> 1 (was BANKED_CODE)
  Relative segment, address: CODE 0000739B - 000073CC (0x32 bytes), align: 0
  Segment part 23.            Intra module refs:   GAP_ParamsInit::?relay
           ENTRY                   ADDRESS         REF BY
           =====                   =======         ======
           GAP_ParamsInit          0000739B 
               calls direct
               XSTACK = 00000000 ( 00000009 )
    -------------------------------------------------------------------------
<BANKED_CODE,CODE_C> 1 (was BANKED_CODE)
  Relative segment, address: CODE 000073CD - 000073D1 (0x5 bytes), align: 0
  Segment part 25.            Intra module refs:   GAP_ParamsInit
                                                   gapReadBufSizeCmdStatus
    -------------------------------------------------------------------------
<BANKED_CODE,CODE_C> 1 (was BANKED_CODE)
  Relative segment, address: CODE 000073D2 - 00007417 (0x46 bytes), align: 0
  Segment part 30.            Intra module refs:   gapReadBD_ADDRStatus::?relay
           ENTRY                   ADDRESS         REF BY
           =====                   =======         ======
           gapReadBD_ADDRStatus    000073D2 
               calls direct
               XSTACK = 00000000 ( 0000000C )
    -------------------------------------------------------------------------
<BANKED_CODE,CODE_C> 1 (was BANKED_CODE)
  Relative segment, address: CODE 00007418 - 0000741C (0x5 bytes), align: 0
  Segment part 32.            Intra module refs:   gapReadBD_ADDRStatus
    -------------------------------------------------------------------------
<BANKED_CODE,CODE_C> 1 (was BANKED_CODE)
  Relative segment, address: CODE 0000741D - 00007467 (0x4b bytes), align: 0
  Segment part 33.            Intra module refs:   gapReadBufSizeCmdStatus::?relay
           ENTRY                   ADDRESS         REF BY
           =====                   =======         ======
           gapReadBufSizeCmdStatus
                                   0000741D 
               calls direct
               XSTACK = 00000000 ( 00000009 )
    -------------------------------------------------------------------------
<BANKED_CODE,CODE_C> 1 (was BANKED_CODE)
  Relative segment, address: CODE 00007468 - 0000746E (0x7 bytes), align: 0
  Segment part 40.            Intra module refs:   GAP_GetParamValue
                                                   GAP_SetParamValue
                                                   gapDetermineAddrType
    -------------------------------------------------------------------------
<BANKED_CODE,CODE_C> 1 (was BANKED_CODE)
  Relative segment, address: CODE 0000746F - 00007474 (0x6 bytes), align: 0
  Segment part 42.            Intra module refs:   GAP_GetParamValue
    -------------------------------------------------------------------------
<BANKED_CODE,CODE_C> 1 (was BANKED_CODE)
  Relative segment, address: CODE 00007475 - 000074A2 (0x2e bytes), align: 0
  Segment part 43.            Intra module refs:   gapDetermineAddrType::?relay
           ENTRY                   ADDRESS         REF BY
           =====                   =======         ======
           gapDetermineAddrType    00007475 
               ISTACK = 00000000 ( 00000002 )
    -------------------------------------------------------------------------
<BANKED_CODE,CODE_C> 1 (was BANKED_CODE)
  Relative segment, address: CODE 000074A3 - 00007541 (0x9f bytes), align: 0
  Segment part 45.            Intra module refs:   gapProcessRandomAddrComplete::?relay
           ENTRY                   ADDRESS         REF BY
           =====                   =======         ======
           gapProcessRandomAddrComplete
                                   000074A3 
               calls direct
               XSTACK = 00000000 ( 00000010 )
               ISTACK = 00000000 ( 00000001 )
    -------------------------------------------------------------------------
<BANKED_CODE,CODE_C> 1 (was BANKED_CODE)
  Relative segment, address: CODE 00007542 - 00007546 (0x5 bytes), align: 0
  Segment part 47.            Intra module refs:   gapProcessRandomAddrComplete
                                                   gapSendDeviceInitDoneEvent
    -------------------------------------------------------------------------
<BANKED_CODE,CODE_C> 1 (was BANKED_CODE)
  Relative segment, address: CODE 00007547 - 00007547 (0x1 bytes), align: 0
  Segment part 48.            Intra module refs:   gapProcessRandomAddrComplete
                                                   gapReadBufSizeCmdStatus
    -------------------------------------------------------------------------
<BANKED_CODE,CODE_C> 1 (was BANKED_CODE)
  Relative segment, address: CODE 00007548 - 0000754D (0x6 bytes), align: 0
  Segment part 49.            Intra module refs:   Segment part 48
                                                   gapProcessRandomAddrComplete
                                                   gapSendDeviceInitDoneEvent
    -------------------------------------------------------------------------
<BANKED_CODE,CODE_C> 1 (was BANKED_CODE)
  Relative segment, address: CODE 0000754E - 00007557 (0xa bytes), align: 0
  Segment part 50.            Intra module refs:   gapProcessRandomAddrComplete
                                                   gapSendDeviceInitDoneEvent
    -------------------------------------------------------------------------
<BANKED_CODE,CODE_C> 1 (was BANKED_CODE)
  Relative segment, address: CODE 00007558 - 0000755F (0x8 bytes), align: 0
  Segment part 51.            Intra module refs:   Segment part 50
    -------------------------------------------------------------------------
<BANKED_CODE,CODE_C> 1 (was BANKED_CODE)
  Relative segment, address: CODE 00007560 - 000075DD (0x7e bytes), align: 0
  Segment part 67.            Intra module refs:   gapSendDeviceInitDoneEvent::?relay
           LOCAL                   ADDRESS         
           =====                   =======         
           gapSendDeviceInitDoneEvent
                                   00007560 
               calls direct
               XSTACK = 0000000A ( 0000000E )
               ISTACK = 00000000 ( 00000001 )
    -------------------------------------------------------------------------
<BANKED_CODE,CODE_C> 1 (was BANKED_CODE)
  Relative segment, address: CODE 000075DE - 000075E6 (0x9 bytes), align: 0
  Segment part 71.            Intra module refs:   gapReadBufSizeCmdStatus
    -------------------------------------------------------------------------
XDATA_ID
  Relative segment, address: CODE 0000013B - 0000013B (0x1 bytes), align: 0
  Segment part 7.             Intra module refs:   gapAppTaskID
    -------------------------------------------------------------------------
XDATA_ID
  Relative segment, address: CODE 0000013C - 00000189 (0x4e bytes), align: 0
  Segment part 14.            Intra module refs:   Segment part 13
    -------------------------------------------------------------------------
<XDATA_ROM_C> 1 (was XDATA_ROM_C)
  Relative segment, address: CONST 00008ED3 - 00008ED6 (0x4 bytes), align: 0
  Segment part 16.            Intra module refs:   gapProcessRandomAddrComplete
           ENTRY                   ADDRESS         REF BY
           =====                   =======         ======
           __Constant_ea60         00008ED3 
    -------------------------------------------------------------------------
BANK_RELAYS
  Relative segment, address: CODE 0000026E - 00000273 (0x6 bytes), align: 0
  Segment part 19.
           ENTRY                   ADDRESS         REF BY
           =====                   =======         ======
           GAP_SetParamValue::?relay
                                   0000026E        SimpleBLEObserver_Init (simpleBLEObserver)
    -------------------------------------------------------------------------
BANK_RELAYS
  Relative segment, address: CODE 00000274 - 00000279 (0x6 bytes), align: 0
  Segment part 21.
           ENTRY                   ADDRESS         REF BY
           =====                   =======         ======
           GAP_GetParamValue::?relay
                                   00000274        GAP_DeviceDiscoveryRequest (gap_centdevmgr)
                                                   gapProcessScanningEvt (gap_centdevmgr)
                                                   gapSendScanEnable (gap_centdevmgr)
                                                   gapSetScanParamStatus (gap_centdevmgr)
    -------------------------------------------------------------------------
BANK_RELAYS
  Relative segment, address: CODE 0000027A - 0000027F (0x6 bytes), align: 0
  Segment part 24.
           ENTRY                   ADDRESS         REF BY
           =====                   =======         ======
           GAP_ParamsInit::?relay
                                   0000027A        GAP_DeviceInit (gap)
    -------------------------------------------------------------------------
BANK_RELAYS
  Relative segment, address: CODE 00000280 - 00000285 (0x6 bytes), align: 0
  Segment part 31.
           ENTRY                   ADDRESS         REF BY
           =====                   =======         ======
           gapReadBD_ADDRStatus::?relay
                                   00000280        gapProcessHCICmdCompleteEvt (gap_simpletask)
    -------------------------------------------------------------------------
BANK_RELAYS
  Relative segment, address: CODE 00000286 - 0000028B (0x6 bytes), align: 0
  Segment part 34.
           ENTRY                   ADDRESS         REF BY
           =====                   =======         ======
           gapReadBufSizeCmdStatus::?relay
                                   00000286        gapProcessHCICmdCompleteEvt (gap_simpletask)
    -------------------------------------------------------------------------
BANK_RELAYS
  Relative segment, address: CODE 0000028C - 00000291 (0x6 bytes), align: 0
  Segment part 44.
           ENTRY                   ADDRESS         REF BY
           =====                   =======         ======
           gapDetermineAddrType::?relay
                                   0000028C        gapProcessAdvertDevInfo (gap_centdevmgr)
    -------------------------------------------------------------------------
BANK_RELAYS
  Relative segment, address: CODE 00000292 - 00000297 (0x6 bytes), align: 0
  Segment part 46.
           ENTRY                   ADDRESS         REF BY
           =====                   =======         ======
           gapProcessRandomAddrComplete::?relay
                                   00000292        gapProcessHCICmdCompleteEvt (gap_simpletask)
    -------------------------------------------------------------------------
BANK_RELAYS
  Relative segment, address: CODE 00000298 - 0000029D (0x6 bytes), align: 0
  Segment part 68.            Intra module refs:   gapReadBD_ADDRStatus
                                                   gapReadBufSizeCmdStatus
           LOCAL                   ADDRESS         
           =====                   =======         
           gapSendDeviceInitDoneEvent::?relay
                                   00000298 
    -------------------------------------------------------------------------
<BANKED_CODE,XDATA_ROM_C_FLASH> 1 (was XDATA_ROM_C_FLASH)
  Relative segment, address: CODE 00008ED3 - 00008ED6 (0x4 bytes), align: 0
  Segment part 72.            Intra module refs:   __Constant_ea60

    -------------------------------------------------------------------------
  LIBRARY MODULE, NAME : gap_devmgr

  SEGMENTS IN THE MODULE
  ======================
XDATA_Z
  Relative segment, address: XDATA 0000029D - 0000029E (0x2 bytes), align: 0
  Segment part 6.
           ENTRY                   ADDRESS         REF BY
           =====                   =======         ======
           pGapDiscReq             0000029D        GAP_DeviceDiscoveryRequest (gap_centdevmgr)
                                                   Segment part 15 (gap_centdevmgr)
                                                   Segment part 18 (gap_centdevmgr)
                                                   Segment part 53 (gap_centdevmgr)
                                                   gapProcessAdvertDevInfo (gap_centdevmgr)
                                                   gapSendDevDiscEvent (gap_centdevmgr)
    -------------------------------------------------------------------------
<BANKED_CODE,XDATA_ROM_C_FLASH> 1 (was BANKED_CODE)
  Relative segment, address: CODE 00009677 - 0000968E (0x18 bytes), align: 0
  Segment part 15.            Intra module refs:   gapValidADType::?relay
           ENTRY                   ADDRESS         REF BY
           =====                   =======         ======
           gapValidADType          00009677 
               XSTACK = 00000012 ( 00000000 )
    -------------------------------------------------------------------------
<BANKED_CODE,XDATA_ROM_C_FLASH> 1 (was BANKED_CODE)
  Relative segment, address: CODE 0000968F - 00009727 (0x99 bytes), align: 0
  Segment part 17.            Intra module refs:   gapFindADType::?relay
           ENTRY                   ADDRESS         REF BY
           =====                   =======         ======
           gapFindADType           0000968F 
               calls direct
               XSTACK = 00000002 ( 00000012 )
               ISTACK = 00000000 ( 00000001 )
    -------------------------------------------------------------------------
BANK_RELAYS
  Relative segment, address: CODE 0000029E - 000002A3 (0x6 bytes), align: 0
  Segment part 16.            Intra module refs:   gapFindADType
           ENTRY                   ADDRESS         REF BY
           =====                   =======         ======
           gapValidADType::?relay
                                   0000029E 
    -------------------------------------------------------------------------
BANK_RELAYS
  Relative segment, address: CODE 000002A4 - 000002A9 (0x6 bytes), align: 0
  Segment part 18.
           ENTRY                   ADDRESS         REF BY
           =====                   =======         ======
           gapFindADType::?relay   000002A4        gapProcessAdvertDevInfo (gap_centdevmgr)

    -------------------------------------------------------------------------
  LIBRARY MODULE, NAME : gap_simpletask

  SEGMENTS IN THE MODULE
  ======================
XDATA_Z
  Relative segment, address: XDATA 0000029F - 0000029F (0x1 bytes), align: 0
  Segment part 6.             Intra module refs:   GAP_Init
                                                   GAP_ProcessEvent
           ENTRY                   ADDRESS         REF BY
           =====                   =======         ======
           gapTaskID               0000029F        GAP_DeviceDiscoveryCancel (gap_centdevmgr)
                                                   gapProcessRandomAddrComplete (gap_configmgr)
                                                   gapSetScanParamStatus (gap_centdevmgr)
    -------------------------------------------------------------------------
XDATA_I
  Relative segment, address: XDATA 00000818 - 00000818 (0x1 bytes), align: 0
  Segment part 7.             Intra module refs:   GAP_ProcessEvent
                                                   GAP_RegisterForHCIMsgs
           ENTRY                   ADDRESS         REF BY
           =====                   =======         ======
           gapUnwantedTaskID       00000818 
    -------------------------------------------------------------------------
XDATA_Z
  Relative segment, address: XDATA 000002A0 - 000002A1 (0x2 bytes), align: 0
  Segment part 9.             Intra module refs:   GAP_ProcessEvent
                                                   gapProcessHCICmdCompleteEvt
           ENTRY                   ADDRESS         REF BY
           =====                   =======         ======
           pfnPeripheralCBs        000002A0        gapProcessRandomAddrComplete (gap_configmgr)
    -------------------------------------------------------------------------
XDATA_Z
  Relative segment, address: XDATA 000002A2 - 000002A3 (0x2 bytes), align: 0
  Segment part 10.            Intra module refs:   Segment part 26
                                                   gapRegisterCentral
    -------------------------------------------------------------------------
<BANKED_CODE,CODE_C> 1 (was BANKED_CODE)
  Relative segment, address: CODE 00007849 - 00007853 (0xb bytes), align: 0
  Segment part 11.            Intra module refs:   GAP_RegisterForHCIMsgs::?relay
           ENTRY                   ADDRESS         REF BY
           =====                   =======         ======
           GAP_RegisterForHCIMsgs
                                   00007849 
               ISTACK = 00000000 ( 00000002 )
    -------------------------------------------------------------------------
<BANKED_CODE,CODE_C> 1 (was BANKED_CODE)
  Relative segment, address: CODE 00007854 - 00007865 (0x12 bytes), align: 0
  Segment part 13.            Intra module refs:   GAP_Init::?relay
           ENTRY                   ADDRESS         REF BY
           =====                   =======         ======
           GAP_Init                00007854 
               calls direct
               XSTACK = 00000000 ( 00000009 )
    -------------------------------------------------------------------------
<BANKED_CODE,CODE_C> 1 (was BANKED_CODE)
  Relative segment, address: CODE 00007866 - 00007930 (0xcb bytes), align: 0
  Segment part 15.            Intra module refs:   GAP_ProcessEvent::?relay
           ENTRY                   ADDRESS         REF BY
           =====                   =======         ======
           GAP_ProcessEvent        00007866 
               calls direct
               XSTACK = 00000000 ( 0000000C )
    -------------------------------------------------------------------------
<BANKED_CODE,CODE_C> 1 (was BANKED_CODE)
  Relative segment, address: CODE 00007931 - 00007935 (0x5 bytes), align: 0
  Segment part 17.            Intra module refs:   GAP_ProcessEvent
    -------------------------------------------------------------------------
<BANKED_CODE,CODE_C> 1 (was BANKED_CODE)
  Relative segment, address: CODE 00007936 - 0000793D (0x8 bytes), align: 0
  Segment part 18.            Intra module refs:   Segment part 17
                                                   gapProcessHCICmdCompleteEvt
    -------------------------------------------------------------------------
<BANKED_CODE,CODE_C> 1 (was BANKED_CODE)
  Relative segment, address: CODE 0000793E - 00007942 (0x5 bytes), align: 0
  Segment part 19.            Intra module refs:   GAP_NumActiveConnections::?relay
           ENTRY                   ADDRESS         REF BY
           =====                   =======         ======
           GAP_NumActiveConnections
                                   0000793E 
    -------------------------------------------------------------------------
<BANKED_CODE,CODE_C> 1 (was BANKED_CODE)
  Relative segment, address: CODE 00007943 - 000079FD (0xbb bytes), align: 0
  Segment part 21.            Intra module refs:   gapProcessHCICmdCompleteEvt::?relay
           LOCAL                   ADDRESS         
           =====                   =======         
           gapProcessHCICmdCompleteEvt
                                   00007943 
               calls direct
               XSTACK = 0000000C ( 0000000B )
    -------------------------------------------------------------------------
<BANKED_CODE,CODE_C> 1 (was BANKED_CODE)
  Relative segment, address: CODE 000079FE - 00007A07 (0xa bytes), align: 0
  Segment part 23.            Intra module refs:   Segment part 18
                                                   gapProcessHCICmdCompleteEvt
    -------------------------------------------------------------------------
<BANKED_CODE,CODE_C> 1 (was BANKED_CODE)
  Relative segment, address: CODE 00007A08 - 00007A0D (0x6 bytes), align: 0
  Segment part 24.            Intra module refs:   Segment part 17
                                                   Segment part 25
                                                   gapProcessHCICmdCompleteEvt
    -------------------------------------------------------------------------
<BANKED_CODE,CODE_C> 1 (was BANKED_CODE)
  Relative segment, address: CODE 00007A0E - 00007A1E (0x11 bytes), align: 0
  Segment part 25.            Intra module refs:   gapProcessHCICmdCompleteEvt
    -------------------------------------------------------------------------
<BANKED_CODE,CODE_C> 1 (was BANKED_CODE)
  Relative segment, address: CODE 00007A1F - 00007A21 (0x3 bytes), align: 0
  Segment part 26.            Intra module refs:   GAP_ProcessEvent
                                                   gapProcessHCICmdCompleteEvt
    -------------------------------------------------------------------------
<BANKED_CODE,CODE_C> 1 (was BANKED_CODE)
  Relative segment, address: CODE 00007A22 - 00007A29 (0x8 bytes), align: 0
  Segment part 27.            Intra module refs:   GAP_ProcessEvent
                                                   Segment part 26
                                                   gapProcessHCICmdCompleteEvt
    -------------------------------------------------------------------------
<BANKED_CODE,CODE_C> 1 (was BANKED_CODE)
  Relative segment, address: CODE 00007A2A - 00007A30 (0x7 bytes), align: 0
  Segment part 28.            Intra module refs:   gapRegisterCentral::?relay
           ENTRY                   ADDRESS         REF BY
           =====                   =======         ======
           gapRegisterCentral      00007A2A 
               ISTACK = 00000000 ( 00000002 )
    -------------------------------------------------------------------------
<BANKED_CODE,CODE_C> 1 (was BANKED_CODE)
  Relative segment, address: CODE 00007A31 - 00007A34 (0x4 bytes), align: 0
  Segment part 30.            Intra module refs:   gapRegisterCentral
    -------------------------------------------------------------------------
<BANKED_CODE,CODE_C> 1 (was BANKED_CODE)
  Relative segment, address: CODE 00007A35 - 00007A3C (0x8 bytes), align: 0
  Segment part 31.            Intra module refs:   GAP_RegisterForHCIMsgs
                                                   Segment part 30
    -------------------------------------------------------------------------
XDATA_ID
  Relative segment, address: CODE 0000018A - 0000018A (0x1 bytes), align: 0
  Segment part 8.             Intra module refs:   gapUnwantedTaskID
    -------------------------------------------------------------------------
BANK_RELAYS
  Relative segment, address: CODE 000002AA - 000002AF (0x6 bytes), align: 0
  Segment part 12.
           ENTRY                   ADDRESS         REF BY
           =====                   =======         ======
           GAP_RegisterForHCIMsgs::?relay
                                   000002AA        GAPObserverRole_Init (observer)
    -------------------------------------------------------------------------
BANK_RELAYS
  Relative segment, address: CODE 000002B0 - 000002B5 (0x6 bytes), align: 0
  Segment part 14.
           ENTRY                   ADDRESS         REF BY
           =====                   =======         ======
           GAP_Init::?relay        000002B0        osalInitTasks (OSAL_SimpleBLEObserver)
    -------------------------------------------------------------------------
BANK_RELAYS
  Relative segment, address: CODE 000002B6 - 000002BB (0x6 bytes), align: 0
  Segment part 16.
           ENTRY                   ADDRESS         REF BY
           =====                   =======         ======
           GAP_ProcessEvent::?relay
                                   000002B6        tasksArr (OSAL_SimpleBLEObserver)
    -------------------------------------------------------------------------
BANK_RELAYS
  Relative segment, address: CODE 000002BC - 000002C1 (0x6 bytes), align: 0
  Segment part 20.
           ENTRY                   ADDRESS         REF BY
           =====                   =======         ======
           GAP_NumActiveConnections::?relay
                                   000002BC        GAP_DeviceDiscoveryRequest (gap_centdevmgr)
    -------------------------------------------------------------------------
BANK_RELAYS
  Relative segment, address: CODE 000002C2 - 000002C7 (0x6 bytes), align: 0
  Segment part 22.            Intra module refs:   GAP_ProcessEvent
           LOCAL                   ADDRESS         
           =====                   =======         
           gapProcessHCICmdCompleteEvt::?relay
                                   000002C2 
    -------------------------------------------------------------------------
BANK_RELAYS
  Relative segment, address: CODE 000002C8 - 000002CD (0x6 bytes), align: 0
  Segment part 29.
           ENTRY                   ADDRESS         REF BY
           =====                   =======         ======
           gapRegisterCentral::?relay
                                   000002C8        GAP_CentDevMgrInit (gap_centdevmgr)

    -------------------------------------------------------------------------
  LIBRARY MODULE, NAME : hci

  SEGMENTS IN THE MODULE
  ======================
XDATA_Z
  Relative segment, address: XDATA 000002A4 - 000002A4 (0x1 bytes), align: 0
  Segment part 9.
           ENTRY                   ADDRESS         REF BY
           =====                   =======         ======
           hciPTMenabled           000002A4        HCI_CommandCompleteEvent (hci_event)
                                                   HCI_Init (hci_tl)
    -------------------------------------------------------------------------
XDATA_Z
  Relative segment, address: XDATA 000002A5 - 000002A5 (0x1 bytes), align: 0
  Segment part 12.
           ENTRY                   ADDRESS         REF BY
           =====                   =======         ======
           hciCtrlCmdToken         000002A5        Segment part 35 (hci_event)
    -------------------------------------------------------------------------
<BANKED_CODE,CODE_C> 1 (was BANKED_CODE)
  Relative segment, address: CODE 00007C31 - 00007C38 (0x8 bytes), align: 0
  Segment part 30.            Intra module refs:   Segment part 110
                                                   Segment part 45
    -------------------------------------------------------------------------
<BANKED_CODE,CODE_C> 1 (was BANKED_CODE)
  Relative segment, address: CODE 00007C39 - 00007C60 (0x28 bytes), align: 0
  Segment part 34.            Intra module refs:   HCI_ReadBDADDRCmd::?relay
           ENTRY                   ADDRESS         REF BY
           =====                   =======         ======
           HCI_ReadBDADDRCmd       00007C39 
               calls direct
               XSTACK = 00000000 ( 00000007 )
               ISTACK = 00000000 ( 00000003 )
    -------------------------------------------------------------------------
<BANKED_CODE,CODE_C> 1 (was BANKED_CODE)
  Relative segment, address: CODE 00007C61 - 00007C90 (0x30 bytes), align: 0
  Segment part 42.            Intra module refs:   HCI_LE_ReadBufSizeCmd::?relay
           ENTRY                   ADDRESS         REF BY
           =====                   =======         ======
           HCI_LE_ReadBufSizeCmd   00007C61 
               calls direct
               XSTACK = 00000000 ( 00000004 )
               ISTACK = 00000000 ( 00000002 )
    -------------------------------------------------------------------------
<BANKED_CODE,CODE_C> 1 (was BANKED_CODE)
  Relative segment, address: CODE 00007C91 - 00007C97 (0x7 bytes), align: 0
  Segment part 44.            Intra module refs:   HCI_LE_ReadBufSizeCmd
    -------------------------------------------------------------------------
<BANKED_CODE,CODE_C> 1 (was BANKED_CODE)
  Relative segment, address: CODE 00007C98 - 00007C9D (0x6 bytes), align: 0
  Segment part 45.            Intra module refs:   HCI_LE_ReadBufSizeCmd
    -------------------------------------------------------------------------
<BANKED_CODE,CODE_C> 1 (was BANKED_CODE)
  Relative segment, address: CODE 00007C9E - 00007CD7 (0x3a bytes), align: 0
  Segment part 50.            Intra module refs:   HCI_LE_SetScanParamCmd::?relay
           ENTRY                   ADDRESS         REF BY
           =====                   =======         ======
           HCI_LE_SetScanParamCmd
                                   00007C9E 
               calls direct
               XSTACK = 00000002 ( 0000000C )
               ISTACK = 00000000 ( 00000001 )
    -------------------------------------------------------------------------
<BANKED_CODE,CODE_C> 1 (was BANKED_CODE)
  Relative segment, address: CODE 00007CD8 - 00007CEC (0x15 bytes), align: 0
  Segment part 52.            Intra module refs:   HCI_LE_SetScanEnableCmd::?relay
           ENTRY                   ADDRESS         REF BY
           =====                   =======         ======
           HCI_LE_SetScanEnableCmd
                                   00007CD8 
               calls direct
               XSTACK = 00000000 ( 0000000A )
               ISTACK = 00000000 ( 00000001 )
    -------------------------------------------------------------------------
<BANKED_CODE,CODE_C> 1 (was BANKED_CODE)
  Relative segment, address: CODE 00007CED - 00007CF9 (0xd bytes), align: 0
  Segment part 56.            Intra module refs:   HCI_ReadBDADDRCmd
    -------------------------------------------------------------------------
<BANKED_CODE,CODE_C> 1 (was BANKED_CODE)
  Relative segment, address: CODE 00007CFA - 00007D00 (0x7 bytes), align: 0
  Segment part 61.            Intra module refs:   HCI_LE_SetScanEnableCmd
                                                   HCI_LE_SetScanParamCmd
    -------------------------------------------------------------------------
<BANKED_CODE,CODE_C> 1 (was BANKED_CODE)
  Relative segment, address: CODE 00007D01 - 00007D08 (0x8 bytes), align: 0
  Segment part 62.            Intra module refs:   Segment part 61
[...]
RCODE
  Relative segment, address: CODE 00000CB7 - 00000CC3 (0xd bytes), align: 0
  Segment part 4.             Intra module refs:   ?PUSH_XSTACK_I_FOUR
                                                   ?PUSH_XSTACK_I_ONE
                                                   ?PUSH_XSTACK_I_TWO
           ENTRY                   ADDRESS         REF BY
           =====                   =======         ======
           ?PUSH_XSTACK_I          00000CB7 

    -------------------------------------------------------------------------
  LIBRARY MODULE, NAME : ?PUSH_XSTACK8_X

  SEGMENTS IN THE MODULE
  ======================
RCODE
  Relative segment, address: CODE 00000CC4 - 00000CC7 (0x4 bytes), align: 0
  Segment part 1.
           ENTRY                   ADDRESS         REF BY
           =====                   =======         ======
           ?PUSH_XSTACK8_X_FOUR    00000CC4        Hal_ProcessEvent (hal_drivers)
                                                   gapProcessRandomAddrComplete (gap_configmgr)
                                                   halProcessKeyInterrupt (hal_key)
                                                   llScheduler (ll_scheduler)
                                                   pt_test1 (simpleBLEObserver)
    -------------------------------------------------------------------------
RCODE
  Relative segment, address: CODE 00000CC8 - 00000CF0 (0x29 bytes), align: 0
  Segment part 5.             Intra module refs:   ?PUSH_XSTACK8_X_FOUR
           ENTRY                   ADDRESS         REF BY
           =====                   =======         ======
           ?PUSH_XSTACK8_X         00000CC8 

    -------------------------------------------------------------------------
  LIBRARY MODULE, NAME : ?US_SWITCH_DENSE

  SEGMENTS IN THE MODULE
  ======================
RCODE
  Relative segment, address: CODE 00000CF1 - 00000CF7 (0x7 bytes), align: 0
  Segment part 0.
           ENTRY                   ADDRESS         REF BY
           =====                   =======         ======
           ?US_SWITCH_DENSE        00000CF1        gapCentProcessHCICmdEvt (gap_centdevmgr)
           ?US_SWITCH_DENSE_CFI_INVALID_BEGINS
                                   00000CF1 
    -------------------------------------------------------------------------
RCODE
  Relative segment, address: CODE 00000CF8 - 00000D35 (0x3e bytes), align: 0
  Segment part 2.             Intra module refs:   Segment part 0
    -------------------------------------------------------------------------
RCODE
  Relative segment, address: CODE 00000D36 - 00000D36 (0x1 bytes), align: 0
  Segment part 4.             Intra module refs:   Segment part 0
           ENTRY                   ADDRESS         REF BY
           =====                   =======         ======
           ?US_SWITCH_DENSE_CFI_INVALID_ENDS
                                   00000D37 

    -------------------------------------------------------------------------
  LIBRARY MODULE, NAME : ?US_SWITCH_SPARSE

  SEGMENTS IN THE MODULE
  ======================
RCODE
  Relative segment, address: CODE 00000D37 - 00000D40 (0xa bytes), align: 0
  Segment part 0.
           ENTRY                   ADDRESS         REF BY
           =====                   =======         ======
           ?US_SWITCH_SPARSE       00000D37        gapProcessHCICmdCompleteEvt (gap_simpletask)
                                                   pt_test1 (simpleBLEObserver)
                                                   wifly_enter_command_mode_pt (simpleBLEObserver)
                                                   wifly_hard_reset_pt (simpleBLEObserver)
                                                   wifly_reconfigure_pt (simpleBLEObserver)
                                                   wifly_send_command_pt (simpleBLEObserver)
           ?US_SWITCH_SPARSE_CFI_INVALID_BEGINS
                                   00000D37 
    -------------------------------------------------------------------------
RCODE
  Relative segment, address: CODE 00000D41 - 00000D81 (0x41 bytes), align: 0
  Segment part 2.             Intra module refs:   Segment part 0
           ENTRY                   ADDRESS         REF BY
           =====                   =======         ======
           ?US_SWITCH_SPARSE_LEAVE
                                   00000D73        Segment part 0 (?US_JMP_IF_IN_RANGE)
                                                   Segment part 0 (?US_JMP_IF_VALUE)
    -------------------------------------------------------------------------
RCODE
  Relative segment, address: CODE 00000D82 - 00000D82 (0x1 bytes), align: 0
  Segment part 4.             Intra module refs:   Segment part 0
           ENTRY                   ADDRESS         REF BY
           =====                   =======         ======
           ?US_SWITCH_SPARSE_CFI_INVALID_ENDS
                                   00000D83 

    -------------------------------------------------------------------------
  LIBRARY MODULE, NAME : ?US_JMP_IF_IN_RANGE

  SEGMENTS IN THE MODULE
  ======================
RCODE
  Relative segment, address: CODE 00000D83 - 00000DC1 (0x3f bytes), align: 0
  Segment part 0.
           ENTRY                   ADDRESS         REF BY
           =====                   =======         ======
           ?US_JMP_IF_IN_RANGE     00000D83        ?US_SWITCH_SPARSE_LEAVE (?US_SWITCH_SPARSE)
           ?US_JMP_IF_IN_RANGE_CFI_INVALID_BEGINS
                                   00000D83 
           ?US_JMP_IF_IN_RANGE_CFI_INVALID_ENDS
                                   00000DC2 

    -------------------------------------------------------------------------
  LIBRARY MODULE, NAME : ?US_JMP_IF_VALUE

  SEGMENTS IN THE MODULE
  ======================
RCODE
  Relative segment, address: CODE 00000DC2 - 00000DEC (0x2b bytes), align: 0
  Segment part 0.
           ENTRY                   ADDRESS         REF BY
           =====                   =======         ======
           ?US_JMP_IF_VALUE        00000DC2        ?US_SWITCH_SPARSE_LEAVE (?US_SWITCH_SPARSE)
           ?US_JMP_IF_VALUE_CFI_INVALID_BEGINS
                                   00000DC2 
           ?US_JMP_IF_VALUE_CFI_INVALID_ENDS
                                   00000DED 

    -------------------------------------------------------------------------
  LIBRARY MODULE, NAME : ?memset

  SEGMENTS IN THE MODULE
  ======================
<BANKED_CODE,CODE_C> 1 (was BANKED_CODE)
  Relative segment, address: CODE 00007FB3 - 00007FDE (0x2c bytes), align: 0
  Segment part 6.             Intra module refs:   memset::?relay
           ENTRY                   ADDRESS         REF BY
           =====                   =======         ======
           memset                  00007FB3 
               XSTACK = 00000002 ( 00000000 )
               ISTACK = 00000000 ( 00000002 )
    -------------------------------------------------------------------------
BANK_RELAYS
  Relative segment, address: CODE 000007CC - 000007D1 (0x6 bytes), align: 0
  Segment part 7.
           ENTRY                   ADDRESS         REF BY
           =====                   =======         ======
           memset::?relay          000007CC        HalUARTInitDMA (hal_uart)
                                                   ProcessTimeEvent (simpleBLEObserver)
                                                   osal_memset (OSAL)
                                                   wifly_send_command_pt (simpleBLEObserver)

    -------------------------------------------------------------------------
  LIBRARY MODULE, NAME : ?strlen

  SEGMENTS IN THE MODULE
  ======================
<BANKED_CODE,CODE_C> 1 (was BANKED_CODE)
  Relative segment, address: CODE 00007FDF - 00007FFC (0x1e bytes), align: 0
  Segment part 6.             Intra module refs:   strlen::?relay
           ENTRY                   ADDRESS         REF BY
           =====                   =======         ======
           strlen                  00007FDF 
               ISTACK = 00000000 ( 00000002 )
    -------------------------------------------------------------------------
BANK_RELAYS
  Relative segment, address: CODE 000007D2 - 000007D7 (0x6 bytes), align: 0
  Segment part 7.
           ENTRY                   ADDRESS         REF BY
           =====                   =======         ======
           strlen::?relay          000007D2        wifly_send_command_pt (simpleBLEObserver)

    -------------------------------------------------------------------------
  LIBRARY MODULE, NAME : ?strstr

  SEGMENTS IN THE MODULE
  ======================
<BANKED_CODE,XDATA_ROM_C_FLASH> 1 (was BANKED_CODE)
  Relative segment, address: CODE 0000999C - 000099EB (0x50 bytes), align: 0
  Segment part 6.             Intra module refs:   strstr::?relay
           ENTRY                   ADDRESS         REF BY
           =====                   =======         ======
           strstr                  0000999C 
               XSTACK = 00000000 ( 0000000A )
    -------------------------------------------------------------------------
BANK_RELAYS
  Relative segment, address: CODE 000007D8 - 000007DD (0x6 bytes), align: 0
  Segment part 7.
           ENTRY                   ADDRESS         REF BY
           =====                   =======         ======
           strstr::?relay          000007D8        ProcessTimeEvent (simpleBLEObserver)
                                                   wifly_enter_command_mode_pt (simpleBLEObserver)
                                                   wifly_send_command_pt (simpleBLEObserver)




                ****************************************
                *                                      *
                *            MODULE SUMMARY            *
                *                                      *
                ****************************************

Module                     CODE      DATA      XDATA  IDATA    BIT  CONST
------                     ----      ----      -----  -----    ---  -----
                          (Rel)  (Rel)  (Abs)  (Rel)  (Rel)  (Rel)  (Rel)
?ADD_XSTACK_DISP8            27
?ALLOC_XSTACK8               22
?BANKED_CODE_SUPPORT         30
?BANKED_ENTER_XDATA         108
?BANKED_LEAVE_XDATA          70
?CALL_IND                     2
?DEALLOC_XSTACK8             27
?FUNC_ENTER_XDATA           102
?FUNC_LEAVE_XDATA            64
?INTERRUPT_ENTER_XSP         95
?INTERRUPT_LEAVE_XSP         88
?L_ADD                       19
?L_ADD_TO_X                  19
?L_ADD_X                     19
?L_AND_X                     19
?L_EQ_X                      21
?L_MOV_TO_X                  15
?L_MOV_X                     15
?L_MUL                      128
?L_SUB                       20
?L_SUB_FROM_X                20
?L_SUB_X                     24
?MOVE_LONG8_XDATA_IDATA      13
?MOVE_LONG8_XDATA_XDATA      33
?PUSH_XSTACK8_X              45
?PUSH_XSTACK_I               23
?SS_SHR                      16
?S_DIV_MOD                   89
?S_SHL                       19
?UL_GE_X                     31
?UL_GT                       16
?UL_GT_X                     16
?UL_SHR                      25
?US_JMP_IF_IN_RANGE          63
?US_JMP_IF_VALUE             43
?US_SHR                      15
?US_SWITCH_DENSE             70
?US_SWITCH_SPARSE            76
?XLOAD_R2345                 12
?XSTACK_DISP8                10
?XSTORE_R2345                12
?cexit                        5
?cmain                      113
?memset                      50
?strlen                      36
?strstr                      86
CSTARTUP                     18
  + common                    3
OSAL                      1 789                    3
  + shared                                                              4
OSAL_ClockBLE               327                   10
OSAL_Memory                 634                2 051
OSAL_PwrMgr                 148                    7
OSAL_SimpleBLEObserver      154                    2                   15
OSAL_Timers               1 423                    6
OnBoard                     305                    2
VIRTUAL_REGISTERS                    4                           8
gap                         133
gap_centdevmgr            2 511                    7
gap_configmgr               805                  104                    4
gap_devmgr                  189                    2
gap_simpletask              537                    6
hal_adc                     251             4      1
  + shared                                  1
hal_aes                     693
  + shared                                  3
hal_dma                      75             4     40
  + shared                   70             2
  + common
hal_drivers                 241                    1
  + shared                                                              4
hal_flash                   751
  + shared                                  1
hal_key                     550             2      5
  + shared                  110            12                           4
  + common
hal_led                      24                    1
hal_sleep                    37             2
  + shared                   46             3
  + common
hal_startup                  11
hal_uart                  1 814             6    392
  + common                   62
hci                         510                    2
hci_event                 1 403                    9
hci_tl                      171                    6
ll                        1 723             3    100      2             4
  + shared                                  2                           8
ll_common                 1 628            10                          22
ll_constData                  8
ll_enc                      315             3
ll_errorEndCauses             9
ll_halt                       7      2
ll_isr                      573
  + shared                  134            10
  + common
ll_scanEndCauses          1 261                   37
ll_scheduler              1 684                   29                   16
ll_sleep                      4
  + shared                                                              4
ll_timer2                 1 023             8
observer                    548                   10
osal_bufmgr                 196                    2
osal_cbtimer                328                   62
osal_snv                  5 868                    4                    4
  + shared                                                              4
phy                       1 731                    1
phy_image                 3 582                                     3 582
simpleBLEObserver         5 462                  741                  234
  + shared                                  4
simpleBLEObserver_Main       85             1
  + shared                                  1
N/A (command line)                  24           640    192
N/A (alignment)
----------               ------     --     --  -----    ---      -  -----
Total:                   43 410     30     82  4 283    194      8  3 909
  + common                  134


                ****************************************
                *                                      *
                *      SEGMENTS IN ADDRESS ORDER       *
                *                                      *
                ****************************************


SEGMENT              SPACE    START ADDRESS   END ADDRESS     SIZE  TYPE  ALIGN
=======              =====    =============   ===========     ====  ====  =====
INTVEC               CODE          00000000 - 00000085          86   com    0
CSTART               CODE          00000086 - 00000136          B1   rel    0
DATA_ID              CODE               00000137                     dse    0
BDATA_ID             CODE               00000137                     dse    0
BIT_ID               CODE               00000137                     dse    0
IDATA_ID             CODE               00000137                     dse    0
IXDATA_ID            CODE               00000137                     dse    0
PDATA_ID             CODE               00000137                     dse    0
XDATA_ID             CODE          00000137 - 0000022B          F5   rel    0
BANK_RELAYS          CODE          0000022C - 000007DD         5B2   rel    0
RCODE                CODE          000007DE - 00000DEC         60F   rel    0
DIFUNCT              CODE               00000DED                     dse    0
CODE_N               CODE               00000DED                     dse    0
NEAR_CODE            CODE          00000DF0 - 00001223         434   rel    2
<BANKED_CODE,CODE_C> 1
                     CODE          00001224 - 00007FFF        6DDC   rel    2
<BANKED_CODE,XDATA_ROM_C_FLASH> 1
                     CODE          00008000 - 00009A1A        1A1B   rel    0
BLENV_ADDRESS_SPACE
                     CODE          0003E800 - 0003F7FF        1000   rel    0
REGISTERS            DATA          00000000 - 00000007           8   rel    0
VREG                 DATA          00000008 - 00000019          12   rel    0
PSP                  DATA               0000001A                     dse    0
XSP                  DATA          0000001A - 0000001B           2   rel    0
DATA_I               DATA               0000001C                     dse    0
DATA_Z               DATA          0000001C - 0000001D           2   rel    0
BREG                 BIT        00000020.0  -  00000020.7        8   rel    0
SFR_AN               DATA          00000080 - 00000080           1   rel    0
                     DATA          00000086 - 00000089           4 
                     DATA          0000008B - 0000008D           3 
                     DATA          00000090 - 00000091           2 
                     DATA          00000094 - 00000097           4 
                     DATA          0000009A - 000000A9          10 
                     DATA          000000AB - 000000AF           5 
                     DATA          000000B3 - 000000B4           2 
                     DATA          000000B6 - 000000B6           1 
                     DATA          000000B8 - 000000C7          10 
                     DATA          000000C9 - 000000C9           1 
                     DATA          000000D1 - 000000D7           7 
                     DATA          000000D9 - 000000DB           3 
                     DATA          000000E1 - 000000E5           5 
                     DATA          000000E8 - 000000E9           2 
                     DATA          000000F1 - 000000F2           2 
                     DATA          000000F2 - 000000F5           4 
                     DATA          000000F7 - 000000F7           1 
                     DATA          000000FD - 000000FF           3 
XSTACK               XDATA         00000001 - 00000280         280   rel    0
XDATA_Z              XDATA         00000281 - 000007C4         544   rel    0
XDATA_I              XDATA         000007C5 - 000008B9          F5   rel    0
<XDATA_N> 1          XDATA         000008BA - 000010BB         802   rel    0
<XDATA_ROM_C> 1      CONST         00008000 - 00008F44         F45   rel    0
IDATA_I              IDATA              0000001E                     dse    0
IDATA_Z              IDATA         0000001E - 0000001F           2   rel    0
ISTACK               IDATA         00000040 - 000000FF          C0   rel    0

                ****************************************
                *                                      *
                *        END OF CROSS REFERENCE        *
                *                                      *
                ****************************************

 43 544 bytes of CODE  memory
     30 bytes of DATA  memory (+ 82 absolute )
  4 283 bytes of XDATA memory
    194 bytes of IDATA memory
      8 bits  of BIT   memory
  3 909 bytes of CONST memory

Errors: none
Warnings: none

