################################################################################
#                                                                              #
#      IAR Universal Linker V5.7.0.39                                          #
#                                                                              #
#           Link time     =  06/Apr/2014  20:35:53                             #
#           Target CPU    =  x51                                               #
#           List file     =  C:\ti\ble14\Projects\ble\SimpleBLEObserver\CC2540 #
#                            DB\CC2540EM\List\SimpleBLEObserver.map            #
#           Output file 1 =  C:\ti\ble14\Projects\ble\SimpleBLEObserver\CC2540 #
#                            DB\CC2540EM\Exe\SimpleBLEObserver.hex             #
#                            Format: intel-extended                            #
#           Output file 2 =  C:\ti\ble14\Projects\ble\SimpleBLEObserver\CC2540 #
#                            DB\CC2540EM\Exe\SimpleBLEObserver.d51             #
#                            Format: debug                                     #
#                            UBROF version 10.0.6                              #
#                            Using library modules for C-SPY (-rt)             #
#           Command line  =  "-IC:\Program Files\IAR Systems\Embedded Workbenc #
#                            h 6.5\8051\CONFIG\"                               #
#                            -D_NR_OF_BANKS=0x07 -D_CODEBANK_END=0xFFFF        #
#                            -D_CODEBANK_START=0x8000 -D?CBANK_MASK=0xFF       #
#                            -D?CBANK=0x9F                                     #
#                            C:\ti\ble14\Projects\ble\Libraries\CC2540DB\bin\C #
#                            C2540_BLE_observ.lib                              #
#                            C:\ti\ble14\Projects\ble\Libraries\Common\bin\CC2 #
#                            54x_BLE_HCI_TL_None.lib                           #
#                            C:\ti\ble14\Projects\ble\SimpleBLEObserver\CC2540 #
#                            DB\CC2540EM\Obj\OSAL.r51                          #
#                            C:\ti\ble14\Projects\ble\SimpleBLEObserver\CC2540 #
#                            DB\CC2540EM\Obj\OSAL_ClockBLE.r51                 #
#                            C:\ti\ble14\Projects\ble\SimpleBLEObserver\CC2540 #
#                            DB\CC2540EM\Obj\OSAL_Memory.r51                   #
#                            C:\ti\ble14\Projects\ble\SimpleBLEObserver\CC2540 #
#                            DB\CC2540EM\Obj\OSAL_PwrMgr.r51                   #
#                            C:\ti\ble14\Projects\ble\SimpleBLEObserver\CC2540 #
#                            DB\CC2540EM\Obj\OSAL_SimpleBLEObserver.r51        #
#                            C:\ti\ble14\Projects\ble\SimpleBLEObserver\CC2540 #
#                            DB\CC2540EM\Obj\OSAL_Timers.r51                   #
#                            C:\ti\ble14\Projects\ble\SimpleBLEObserver\CC2540 #
#                            DB\CC2540EM\Obj\OnBoard.r51                       #
#                            C:\ti\ble14\Projects\ble\SimpleBLEObserver\CC2540 #
#                            DB\CC2540EM\Obj\gap.r51                           #
#                            C:\ti\ble14\Projects\ble\SimpleBLEObserver\CC2540 #
#                            DB\CC2540EM\Obj\hal_adc.r51                       #
#                            C:\ti\ble14\Projects\ble\SimpleBLEObserver\CC2540 #
#                            DB\CC2540EM\Obj\hal_aes.r51                       #
#                            C:\ti\ble14\Projects\ble\SimpleBLEObserver\CC2540 #
#                            DB\CC2540EM\Obj\hal_dma.r51                       #
#                            C:\ti\ble14\Projects\ble\SimpleBLEObserver\CC2540 #
#                            DB\CC2540EM\Obj\hal_drivers.r51                   #
#                            C:\ti\ble14\Projects\ble\SimpleBLEObserver\CC2540 #
#                            DB\CC2540EM\Obj\hal_flash.r51                     #
#                            C:\ti\ble14\Projects\ble\SimpleBLEObserver\CC2540 #
#                            DB\CC2540EM\Obj\hal_key.r51                       #
#                            C:\ti\ble14\Projects\ble\SimpleBLEObserver\CC2540 #
#                            DB\CC2540EM\Obj\hal_lcd.r51                       #
#                            C:\ti\ble14\Projects\ble\SimpleBLEObserver\CC2540 #
#                            DB\CC2540EM\Obj\hal_led.r51                       #
#                            C:\ti\ble14\Projects\ble\SimpleBLEObserver\CC2540 #
#                            DB\CC2540EM\Obj\hal_sleep.r51                     #
#                            C:\ti\ble14\Projects\ble\SimpleBLEObserver\CC2540 #
#                            DB\CC2540EM\Obj\hal_startup.r51                   #
#                            C:\ti\ble14\Projects\ble\SimpleBLEObserver\CC2540 #
#                            DB\CC2540EM\Obj\hal_timer.r51                     #
#                            C:\ti\ble14\Projects\ble\SimpleBLEObserver\CC2540 #
#                            DB\CC2540EM\Obj\hal_uart.r51                      #
#                            C:\ti\ble14\Projects\ble\SimpleBLEObserver\CC2540 #
#                            DB\CC2540EM\Obj\npi.r51                           #
#                            C:\ti\ble14\Projects\ble\SimpleBLEObserver\CC2540 #
#                            DB\CC2540EM\Obj\observer.r51                      #
#                            C:\ti\ble14\Projects\ble\SimpleBLEObserver\CC2540 #
#                            DB\CC2540EM\Obj\osal_bufmgr.r51                   #
#                            C:\ti\ble14\Projects\ble\SimpleBLEObserver\CC2540 #
#                            DB\CC2540EM\Obj\osal_cbtimer.r51                  #
#                            C:\ti\ble14\Projects\ble\SimpleBLEObserver\CC2540 #
#                            DB\CC2540EM\Obj\osal_snv.r51                      #
#                            C:\ti\ble14\Projects\ble\SimpleBLEObserver\CC2540 #
#                            DB\CC2540EM\Obj\simpleBLEObserver.r51             #
#                            C:\ti\ble14\Projects\ble\SimpleBLEObserver\CC2540 #
#                            DB\CC2540EM\Obj\simpleBLEObserver_Main.r51        #
#                            -o                                                #
#                            C:\ti\ble14\Projects\ble\SimpleBLEObserver\CC2540 #
#                            DB\CC2540EM\Exe\SimpleBLEObserver.d51             #
#                            -l                                                #
#                            C:\ti\ble14\Projects\ble\SimpleBLEObserver\CC2540 #
#                            DB\CC2540EM\List\SimpleBLEObserver.map            #
#                            -xmsn -f                                          #
#                            C:\ti\ble14\Projects\ble\SimpleBLEObserver\CC2540 #
#                            DB\..\..\common\cc2540\ti_51ew_cc2540b.xcl        #
#                            (-D_IDATA_END=0xFF -D_PDATA_START=0x1E00          #
#                            -D_PDATA_END=0x1EFF -D_IXDATA_START=0x0001        #
#                            -D_IXDATA_END=0x1EFF                              #
#                            -D_XDATA_START=_IXDATA_START                      #
#                            -D_XDATA_END=_IXDATA_END -D_CODE_START=0x0000     #
#                            -D_CODE_END=0x7FFF -D_FIRST_BANK_ADDR=0x10000     #
#                            -D_NEAR_CODE_END=_CODE_END -D?REGISTER_BANK=0     #
#                            -D_REGISTER_BANK_START=0 -D?PBANK_NUMBER=0x1E     #
#                            -D_BREG_START=0x00 -D?VB=0x20                     #
#                            -D_FAR_DATA_NR_OF_BANKS=0x0E                      #
#                            -D_FAR_DATA_START=0x010001                        #
#                            -D_FAR_DATA_END=0xFFFFFF                          #
#                            -D_FAR_CODE_START=_CODE_START                     #
#                            -D_FAR_CODE_END=_CODE_END                         #
#                            -Z(BIT)BREG=_BREG_START -Z(BIT)BIT_N=0-7F         #
#                            -Z(DATA)REGISTERS+8=_REGISTER_BANK_START          #
#                            -Z(DATA)BDATA_Z,BDATA_N,BDATA_I=20-2F             #
#                            -Z(DATA)VREG+_NR_OF_VIRTUAL_REGISTERS=08-7F       #
#                            -Z(DATA)PSP,XSP=08-7F -Z(DATA)DOVERLAY=08-7F      #
#                            -Z(DATA)DATA_I,DATA_Z,DATA_N=08-7F                #
#                            -U(IDATA)0-7F=(DATA)0-7F                          #
#                            -Z(IDATA)IDATA_I,IDATA_Z,IDATA_N=08-_IDATA_END    #
#                            -Z(IDATA)ISTACK+_IDATA_STACK_SIZE#08-_IDATA_END   #
#                            -Z(IDATA)IOVERLAY=08-FF                           #
#                            -Z(CODE)INTVEC=_CODE_START                        #
#                            -Z(CODE)CSTART=_CODE_START-_CODE_END              #
#                            -Z(CODE)BIT_ID,BDATA_ID,DATA_ID,IDATA_ID,IXDATA_I #
#                            D,PDATA_ID,XDATA_ID=_CODE_START-_CODE_END         #
#                            -Z(CODE)HUGE_ID=_FAR_CODE_START-_FAR_CODE_END     #
#                            -D_SLEEP_CODE_SPACE_START=(_CODE_END-7)           #
#                            -D_SLEEP_CODE_SPACE_END=(_CODE_END)               #
#                            -Z(CODE)SLEEP_CODE=_SLEEP_CODE_SPACE_START-_SLEEP #
#                            _CODE_SPACE_END                                   #
#                            -Z(CODE)BANK_RELAYS,RCODE,DIFUNCT,CODE_N,NEAR_COD #
#                            E=_CODE_START-_CODE_END                           #
#                            -P(CODE)CODE_C=_CODE_START-_CODE_END              #
#                            -P(CONST)XDATA_ROM_C=0x8000-0xFFFF                #
#                            -P(CODE)XDATA_ROM_C_FLASH=0x18000-0x1FFFF         #
#                            -QXDATA_ROM_C=XDATA_ROM_C_FLASH                   #
#                            -P(CODE)BANKED_CODE=_CODE_START-_CODE_END,[(_CODE #
#                            BANK_START+_FIRST_BANK_ADDR)-(_CODEBANK_END+_FIRS #
#                            T_BANK_ADDR)]*_NR_OF_BANKS+10000                  #
#                            -P(CODE)FAR_CODE_C,FAR_CODE_N,FAR_CODE=[_FAR_CODE #
#                            _START-_FAR_CODE_END]/10000                       #
#                            -P(CODE)HUGE_CODE_C=_FAR_CODE_START-_FAR_CODE_END #
#                            -Z(CODE)CHECKSUM#_CODE_END                        #
#                            -Z(XDATA)EXT_STACK+_EXTENDED_STACK_SIZE=_EXTENDED #
#                            _STACK_START                                      #
#                            -Z(XDATA)PSTACK+_PDATA_STACK_SIZE=_PDATA_START-_P #
#                            DATA_END                                          #
#                            -Z(XDATA)XSTACK+_XDATA_STACK_SIZE=_XDATA_START-_X #
#                            DATA_END                                          #
#                            -Z(XDATA)PDATA_Z,PDATA_I=_PDATA_START-_PDATA_END  #
#                            -P(XDATA)PDATA_N=_PDATA_START-_PDATA_END          #
#                            -Z(XDATA)IXDATA_Z,IXDATA_I=_IXDATA_START-_IXDATA_ #
#                            END                                               #
#                            -P(XDATA)IXDATA_N=_IXDATA_START-_IXDATA_END       #
#                            -Z(XDATA)XDATA_Z,XDATA_I=_XDATA_START-_XDATA_END  #
#                            -P(XDATA)XDATA_N=_XDATA_START-_XDATA_END          #
#                            -Z(XDATA)XDATA_HEAP+_XDATA_HEAP_SIZE=_XDATA_START #
#                            -_XDATA_END                                       #
#                            -Z(XDATA)FAR_Z=[_FAR_DATA_START-_FAR_DATA_END]/10 #
#                            000                                               #
#                            -Z(XDATA)FAR_I=[_FAR_DATA_START-_FAR_DATA_END]/10 #
#                            000                                               #
#                            -Z(CODE)FAR_ID=[_FAR_CODE_START-_FAR_CODE_END]/10 #
#                            000                                               #
#                            -Z(XDATA)FAR_HEAP+_FAR_HEAP_SIZE=[_FAR_DATA_START #
#                            -_FAR_DATA_END]/10000                             #
#                            -P(XDATA)FAR_N=[_FAR_DATA_START-_FAR_DATA_END]*_F #
#                            AR_DATA_NR_OF_BANKS+10000                         #
#                            -P(CONST)FAR_ROM_C=[_FAR_DATA_START-_FAR_DATA_END #
#                            ]*_FAR_DATA_NR_OF_BANKS+10000                     #
#                            -Z(XDATA)HUGE_Z,HUGE_I=_FAR_DATA_START-_FAR_DATA_ #
#                            END                                               #
#                            -P(XDATA)HUGE_N=_FAR_DATA_START-_FAR_DATA_END     #
#                            -Z(XDATA)HUGE_HEAP+_HUGE_HEAP_SIZE=_FAR_DATA_STAR #
#                            T-_FAR_DATA_END                                   #
#                            -Z(CONST)HUGE_ROM_C=_FAR_DATA_START-_FAR_DATA_END #
#                            -cx51 -D_BLENV_ADDRESS_SPACE_START=0x7E800        #
#                            -D_BLENV_ADDRESS_SPACE_END=0x7F7FF                #
#                            -Z(CODE)BLENV_ADDRESS_SPACE=_BLENV_ADDRESS_SPACE_ #
#                            START-_BLENV_ADDRESS_SPACE_END                    #
#                            -D_BANK0_START=0x00000 -D_BANK0_END=0x07FFF       #
#                            -D_BANK1_START=0x18000 -D_BANK1_END=0x1FFFF       #
#                            -D_BANK2_START=0x28000 -D_BANK2_END=0x2FFFF       #
#                            -D_BANK3_START=0x38000 -D_BANK3_END=0x3FFFF       #
#                            -D_BANK4_START=0x48000 -D_BANK4_END=0x4FFFF       #
#                            -D_BANK5_START=0x58000 -D_BANK5_END=0x5FFFF       #
#                            -D_BANK6_START=0x68000 -D_BANK6_END=0x6FFFF       #
#                            -D_BANK7_START=0x78000                            #
#                            -D_BANK7_END=(_BLENV_ADDRESS_SPACE_START-1)       #
#                            -P(CODE)BANK0=_BANK0_START-_BANK0_END             #
#                            -P(CODE)BANK1=_BANK1_START-_BANK1_END             #
#                            -P(CODE)BANK2=_BANK2_START-_BANK2_END             #
#                            -P(CODE)BANK3=_BANK3_START-_BANK3_END             #
#                            -P(CODE)BANK4=_BANK4_START-_BANK4_END             #
#                            -P(CODE)BANK5=_BANK5_START-_BANK5_END             #
#                            -P(CODE)BANK6=_BANK6_START-_BANK6_END             #
#                            -P(CODE)BANK7=_BANK7_START-_BANK7_END             #
#                            -M(CODE)[(_CODEBANK_START+_FIRST_BANK_ADDR)-(_COD #
#                            EBANK_END+_FIRST_BANK_ADDR)]*_NR_OF_BANKS+0x10000 #
#                            =0x8000                                           #
#                            -ww69=i                                           #
#                            -D_FLASH_LOCK_BITS_START=((_NR_OF_BANKS*_FIRST_BA #
#                            NK_ADDR)+0xFFF0)                                  #
#                            -D_FLASH_LOCK_BITS_END=((_NR_OF_BANKS*_FIRST_BANK #
#                            _ADDR)+0xFFFF)                                    #
#                            -Z(CODE)FLASH_LOCK_BITS=_FLASH_LOCK_BITS_START-_F #
#                            LASH_LOCK_BITS_END                                #
#                            -U(CODE)0x0000=(CODE)_FLASH_LOCK_BITS_START-_FLAS #
#                            H_LOCK_BITS_END)                                  #
#                            -D_NR_OF_VIRTUAL_REGISTERS=10 -D?PBANK=0x93       #
#                            -e?BCALL_FF=?BCALL -e?BRET_FF=?BRET               #
#                            -e?BDISPATCH_FF=?BDISPATCH                        #
#                            -e_small_write=_formatted_write                   #
#                            -e_medium_read=_formatted_read -rt                #
#                            -Ointel-extended=C:\ti\ble14\Projects\ble\SimpleB #
#                            LEObserver\CC2540DB\CC2540EM\Exe\SimpleBLEObserve #
#                            r.hex                                             #
#                            -s __program_start                                #
#                            "C:\Program Files\IAR Systems\Embedded Workbench  #
#                            6.5\8051\LIB\CLIB\cl-pli-blxd-1e16x01.r51"        #
#                            -D_IDATA_STACK_SIZE=0xC0 -D?ESP=0 -D?ESP_MASK=0   #
#                            -D_EXTENDED_STACK_START=0                         #
#                            -D_EXTENDED_STACK_SIZE=0                          #
#                            -D_PDATA_STACK_SIZE=0x00                          #
#                            -D_XDATA_STACK_SIZE=0x280                         #
#                            -D_XDATA_HEAP_SIZE=0xFF -D_FAR_HEAP_SIZE=0xFFF    #
#                            -D_HUGE_HEAP_SIZE=0xFFF                           #
#                            -D_FAR22_HEAP_SIZE=0xFFF                          #
#                                                                              #
#                           Copyright (C) 1987-2013 IAR Systems AB.            #
################################################################################





                ****************************************
                *                                      *
                *           CROSS REFERENCE            *
                *                                      *
                ****************************************

       Program entry at : CODE      0000011A  Relocatable, from module : CSTARTUP




                ****************************************
                *                                      *
                *            RUNTIME MODEL             *
                *                                      *
                ****************************************

  __SystemLibrary          = CLib
  __calling_convention     = xdata_reentrant
  __code_model             = banked
  __core                   = plain
  __data_model             = large
  __dptr_size              = 16
  __extended_stack         = disabled
  __location_for_constants = data
  __number_of_dptrs        = 1
  __rt_version             = 1

                ****************************************
                *                                      *
                *    AUTOMATIC SYMBOL REDIRECTIONS     *
                *                                      *
                ****************************************

                  There are no automatic symbol redirections.



                ****************************************
                *                                      *
                *              MODULE MAP              *
                *                                      *
                ****************************************


  DEFINED ABSOLUTE ENTRIES
    *************************************************************************

  DEFINED ABSOLUTE ENTRIES
  PROGRAM MODULE, NAME : ?ABS_ENTRY_MOD

Absolute parts
           ENTRY                   ADDRESS         REF BY
           =====                   =======         ======
           _FAR22_HEAP_SIZE        00000FFF 
           _HUGE_HEAP_SIZE         00000FFF 
           _FAR_HEAP_SIZE          00000FFF 
           _XDATA_HEAP_SIZE        000000FF 
           _XDATA_STACK_SIZE       00000280 
           _PDATA_STACK_SIZE       00000000 
           _EXTENDED_STACK_SIZE    00000000 
           _EXTENDED_STACK_START   00000000 
           ?ESP_MASK               00000000 
           ?ESP                    00000000 
           _IDATA_STACK_SIZE       000000C0 
           ?PBANK                  00000093 
           _NR_OF_VIRTUAL_REGISTERS
                                   00000010 
           _FLASH_LOCK_BITS_END    0003FFFF 
           _FLASH_LOCK_BITS_START
                                   0003FFF0 
           _BANK7_END              0003E7FF 
           _BANK7_START            00038000 
           _BANK6_END              00037FFF 
           _BANK6_START            00030000 
           _BANK5_END              0002FFFF 
           _BANK5_START            00028000 
           _BANK4_END              00027FFF 
           _BANK4_START            00020000 
           _BANK3_END              0001FFFF 
           _BANK3_START            00018000 
           _BANK2_END              00017FFF 
           _BANK2_START            00010000 
           _BANK1_END              0000FFFF 
           _BANK1_START            00008000 
           _BANK0_END              00007FFF 
           _BANK0_START            00000000 
           _BLENV_ADDRESS_SPACE_END
                                   0003F7FF 
           _BLENV_ADDRESS_SPACE_START
                                   0003E800 
           _SLEEP_CODE_SPACE_END   00007FFF 
           _SLEEP_CODE_SPACE_START
                                   00007FF8 
           _FAR_CODE_END           00007FFF 
           _FAR_CODE_START         00000000 
           _FAR_DATA_END           00FFFFFF 
           _FAR_DATA_START         00010001 
           _FAR_DATA_NR_OF_BANKS   0000000E 
           ?VB                     00000020        ?BANKED_ENTER_XDATA (?BANKED_ENTER_XDATA)
                                                   ?BANKED_LEAVE_XDATA (?BANKED_LEAVE_XDATA)
                                                   ?FUNC_ENTER_XDATA (?FUNC_ENTER_XDATA)
                                                   ?FUNC_LEAVE_XDATA (?FUNC_LEAVE_XDATA)
                                                   ?INTERRUPT_ENTER_XSP (?INTERRUPT_ENTER_XSP)
                                                   ?INTERRUPT_LEAVE_XSP (?INTERRUPT_LEAVE_XSP)
           _BREG_START             00000000 
           ?PBANK_NUMBER           0000001E 
           _REGISTER_BANK_START    00000000 
           ?REGISTER_BANK          00000000        Segment part 6 (CSTARTUP)
           _NEAR_CODE_END          00007FFF 
           _FIRST_BANK_ADDR        00010000 
           _CODE_END               00007FFF 
           _CODE_START             00000000 
           _XDATA_END              00001EFF 
           _XDATA_START            00000001 
           _IXDATA_END             00001EFF 
           _IXDATA_START           00000001 
           _PDATA_END              00001EFF 
           _PDATA_START            00001E00 
           _IDATA_END              000000FF 
           ?CBANK                  0000009F        ?RESET_CODE_BANK (CSTARTUP)
                                                   Segment part 0 (?BANKED_CODE_SUPPORT)
           ?CBANK_MASK             000000FF 
           _CODEBANK_START         00008000 
           _CODEBANK_END           0000FFFF 
           _NR_OF_BANKS            00000007 
    *************************************************************************

  FILE NAME : C:\ti\ble14\Projects\ble\Libraries\CC2540DB\bin\CC2540_BLE_observ.lib
  LIBRARY MODULE, NAME : gap_centdevmgr

  SEGMENTS IN THE MODULE
  ======================
XDATA_Z
  Relative segment, address: XDATA 00000281 - 00000282 (0x2 bytes), align: 0
  Segment part 6.             Intra module refs:   GAP_CentDevMgrInit
                                                   Segment part 42
                                                   Segment part 50
                                                   gapFreeScanRecs
                                                   gapProcessAdvertDevInfo
                                                   gapSendDevDiscEvent
    -------------------------------------------------------------------------
XDATA_Z
  Relative segment, address: XDATA 00000283 - 00000283 (0x1 bytes), align: 0
  Segment part 7.             Intra module refs:   GAP_CentDevMgrInit
                                                   gapProcessAdvertDevInfo
                                                   gapSendDevDiscEvent
    -------------------------------------------------------------------------
XDATA_I
  Relative segment, address: XDATA 00000459 - 0000045C (0x4 bytes), align: 0
  Segment part 8.             Intra module refs:   GAP_CentDevMgrInit
    -------------------------------------------------------------------------
<BANKED_CODE,CODE_C> 1 (was BANKED_CODE)
  Relative segment, address: CODE 00001408 - 000014E4 (0xdd bytes), align: 0
  Segment part 12.            Intra module refs:   GAP_DeviceDiscoveryRequest::?relay
           ENTRY                   ADDRESS         REF BY
           =====                   =======         ======
           GAP_DeviceDiscoveryRequest
                                   00001408 
               calls direct
               XSTACK = 00000000 ( 0000000E )
    -------------------------------------------------------------------------
<BANKED_CODE,CODE_C> 1 (was BANKED_CODE)
  Relative segment, address: CODE 000014E5 - 000014E9 (0x5 bytes), align: 0
  Segment part 14.            Intra module refs:   GAP_DeviceDiscoveryRequest
                                                   gapProcessScanningEvt
                                                   gapSetScanParamStatus
    -------------------------------------------------------------------------
<BANKED_CODE,CODE_C> 1 (was BANKED_CODE)
  Relative segment, address: CODE 000014EA - 000014EC (0x3 bytes), align: 0
  Segment part 15.            Intra module refs:   GAP_DeviceDiscoveryRequest
                                                   gapSendDevDiscEvent
    -------------------------------------------------------------------------
<BANKED_CODE,CODE_C> 1 (was BANKED_CODE)
  Relative segment, address: CODE 000014ED - 000014F2 (0x6 bytes), align: 0
  Segment part 16.            Intra module refs:   Segment part 15
                                                   gapFreeScanRecs
                                                   gapSendDeviceInfoEvent
    -------------------------------------------------------------------------
<BANKED_CODE,CODE_C> 1 (was BANKED_CODE)
  Relative segment, address: CODE 000014F3 - 000014F4 (0x2 bytes), align: 0
  Segment part 17.            Intra module refs:   GAP_DeviceDiscoveryCancel
                                                   gapSetScanParamStatus
    -------------------------------------------------------------------------
<BANKED_CODE,CODE_C> 1 (was BANKED_CODE)
  Relative segment, address: CODE 000014F5 - 000014F7 (0x3 bytes), align: 0
  Segment part 18.            Intra module refs:   GAP_DeviceDiscoveryRequest
                                                   Segment part 17
                                                   gapProcessAdvertDevInfo
                                                   gapProcessScanningEvt
                                                   gapSendDevDiscEvent
                                                   gapSendDeviceInfoEvent
    -------------------------------------------------------------------------
<BANKED_CODE,CODE_C> 1 (was BANKED_CODE)
  Relative segment, address: CODE 000014F8 - 000014FF (0x8 bytes), align: 0
  Segment part 19.            Intra module refs:   GAP_CentDevMgrInit
                                                   Segment part 18
                                                   gapFreeScanRecs
                                                   gapProcessAdvertDevInfo
                                                   gapSendDevDiscEvent
    -------------------------------------------------------------------------
<BANKED_CODE,CODE_C> 1 (was BANKED_CODE)
  Relative segment, address: CODE 00001500 - 0000152E (0x2f bytes), align: 0
  Segment part 20.            Intra module refs:   GAP_DeviceDiscoveryCancel::?relay
           ENTRY                   ADDRESS         REF BY
           =====                   =======         ======
           GAP_DeviceDiscoveryCancel
                                   00001500 
               calls direct
               XSTACK = 00000000 ( 00000009 )
    -------------------------------------------------------------------------
<BANKED_CODE,CODE_C> 1 (was BANKED_CODE)
  Relative segment, address: CODE 0000152F - 00001533 (0x5 bytes), align: 0
  Segment part 22.            Intra module refs:   GAP_CentDevMgrInit
                                                   GAP_DeviceDiscoveryCancel
    -------------------------------------------------------------------------
<BANKED_CODE,CODE_C> 1 (was BANKED_CODE)
  Relative segment, address: CODE 00001534 - 000015B5 (0x82 bytes), align: 0
  Segment part 23.            Intra module refs:   GAP_CentDevMgrInit::?relay
           ENTRY                   ADDRESS         REF BY
           =====                   =======         ======
           GAP_CentDevMgrInit      00001534 
               calls direct
               XSTACK = 00000000 ( 00000009 )
    -------------------------------------------------------------------------
<BANKED_CODE,CODE_C> 1 (was BANKED_CODE)
  Relative segment, address: CODE 000015B6 - 000015EF (0x3a bytes), align: 0
  Segment part 27.            Intra module refs:   gapCentProcessHCICmdEvt::?relay
           LOCAL                   ADDRESS         
           =====                   =======         
           gapCentProcessHCICmdEvt
                                   000015B6 
               calls direct, is indirectly called
               XSTACK = 00000000 ( 0000000A )
    -------------------------------------------------------------------------
<BANKED_CODE,CODE_C> 1 (was BANKED_CODE)
  Relative segment, address: CODE 000015F0 - 000015F4 (0x5 bytes), align: 0
  Segment part 29.            Intra module refs:   gapCentProcessHCICmdEvt
                                                   gapSendScanEnable
    -------------------------------------------------------------------------
<BANKED_CODE,CODE_C> 1 (was BANKED_CODE)
  Relative segment, address: CODE 000015F5 - 000015F7 (0x3 bytes), align: 0
  Segment part 30.            Intra module refs:   gapCentProcessHCICmdEvt
                                                   gapProcessAdvertDevInfo
    -------------------------------------------------------------------------
<BANKED_CODE,CODE_C> 1 (was BANKED_CODE)
  Relative segment, address: CODE 000015F8 - 000015FD (0x6 bytes), align: 0
  Segment part 31.            Intra module refs:   GAP_DeviceDiscoveryCancel
                                                   Segment part 30
                                                   gapSetScanParamStatus
    -------------------------------------------------------------------------
<BANKED_CODE,CODE_C> 1 (was BANKED_CODE)
  Relative segment, address: CODE 000015FE - 00001661 (0x64 bytes), align: 0
  Segment part 34.            Intra module refs:   gapSetScanParamStatus::?relay
           ENTRY                   ADDRESS         REF BY
           =====                   =======         ======
           gapSetScanParamStatus   000015FE 
               calls direct
               XSTACK = 0000000A ( 00000010 )
    -------------------------------------------------------------------------
<BANKED_CODE,CODE_C> 1 (was BANKED_CODE)
  Relative segment, address: CODE 00001662 - 000016EE (0x8d bytes), align: 0
  Segment part 36.            Intra module refs:   gapProcessScanningEvt::?relay
           LOCAL                   ADDRESS         
           =====                   =======         
           gapProcessScanningEvt   00001662 
               calls direct, is indirectly called
               XSTACK = 00000000 ( 0000000C )
    -------------------------------------------------------------------------
<BANKED_CODE,CODE_C> 1 (was BANKED_CODE)
  Relative segment, address: CODE 000016EF - 00001781 (0x93 bytes), align: 0
  Segment part 38.            Intra module refs:   gapFreeScanRecs::?relay
           LOCAL                   ADDRESS         
           =====                   =======         
           gapFreeScanRecs         000016EF 
               calls direct
               XSTACK = 00000010 ( 0000000B )
    -------------------------------------------------------------------------
<BANKED_CODE,CODE_C> 1 (was BANKED_CODE)
  Relative segment, address: CODE 00001782 - 00001788 (0x7 bytes), align: 0
  Segment part 40.            Intra module refs:   GAP_CentDevMgrInit
                                                   gapFreeScanRecs
    -------------------------------------------------------------------------
<BANKED_CODE,CODE_C> 1 (was BANKED_CODE)
  Relative segment, address: CODE 00001789 - 0000178C (0x4 bytes), align: 0
  Segment part 41.            Intra module refs:   gapFreeScanRecs
    -------------------------------------------------------------------------
<BANKED_CODE,CODE_C> 1 (was BANKED_CODE)
  Relative segment, address: CODE 0000178D - 000017A2 (0x16 bytes), align: 0
  Segment part 42.            Intra module refs:   Segment part 41
                                                   Segment part 43
    -------------------------------------------------------------------------
<BANKED_CODE,CODE_C> 1 (was BANKED_CODE)
  Relative segment, address: CODE 000017A3 - 000017A8 (0x6 bytes), align: 0
  Segment part 43.            Intra module refs:   gapFreeScanRecs
    -------------------------------------------------------------------------
<BANKED_CODE,CODE_C> 1 (was BANKED_CODE)
  Relative segment, address: CODE 000017A9 - 00001AA6 (0x2fe bytes), align: 0
  Segment part 44.            Intra module refs:   gapProcessAdvertDevInfo::?relay
           LOCAL                   ADDRESS         
           =====                   =======         
           gapProcessAdvertDevInfo
                                   000017A9 
               calls direct
               XSTACK = 0000000C ( 0000001B )
               ISTACK = 00000000 ( 00000001 )
    -------------------------------------------------------------------------
<BANKED_CODE,CODE_C> 1 (was BANKED_CODE)
  Relative segment, address: CODE 00001AA7 - 00001AAF (0x9 bytes), align: 0
  Segment part 46.            Intra module refs:   gapProcessAdvertDevInfo
    -------------------------------------------------------------------------
<BANKED_CODE,CODE_C> 1 (was BANKED_CODE)
  Relative segment, address: CODE 00001AB0 - 00001AB7 (0x8 bytes), align: 0
  Segment part 47.            Intra module refs:   gapFreeScanRecs
                                                   gapProcessAdvertDevInfo
    -------------------------------------------------------------------------
<BANKED_CODE,CODE_C> 1 (was BANKED_CODE)
  Relative segment, address: CODE 00001AB8 - 00001BFE (0x147 bytes), align: 0
  Segment part 48.            Intra module refs:   gapSendDevDiscEvent::?relay
           LOCAL                   ADDRESS         
           =====                   =======         
           gapSendDevDiscEvent     00001AB8 
               calls direct
               XSTACK = 0000000C ( 00000012 )
               ISTACK = 00000000 ( 00000001 )
    -------------------------------------------------------------------------
<BANKED_CODE,CODE_C> 1 (was BANKED_CODE)
  Relative segment, address: CODE 00001BFF - 00001C13 (0x15 bytes), align: 0
  Segment part 50.            Intra module refs:   Segment part 40
                                                   gapSendDevDiscEvent
    -------------------------------------------------------------------------
<BANKED_CODE,CODE_C> 1 (was BANKED_CODE)
  Relative segment, address: CODE 00001C14 - 00001C1E (0xb bytes), align: 0
  Segment part 51.            Intra module refs:   gapProcessAdvertDevInfo
                                                   gapSendDevDiscEvent
    -------------------------------------------------------------------------
<BANKED_CODE,CODE_C> 1 (was BANKED_CODE)
  Relative segment, address: CODE 00001C1F - 00001C30 (0x12 bytes), align: 0
  Segment part 52.            Intra module refs:   gapProcessAdvertDevInfo
                                                   gapSendDevDiscEvent
    -------------------------------------------------------------------------
<BANKED_CODE,CODE_C> 1 (was BANKED_CODE)
  Relative segment, address: CODE 00001C31 - 00001C37 (0x7 bytes), align: 0
  Segment part 53.            Intra module refs:   gapSendDevDiscEvent
                                                   gapSendDeviceInfoEvent
    -------------------------------------------------------------------------
<BANKED_CODE,CODE_C> 1 (was BANKED_CODE)
  Relative segment, address: CODE 00001C38 - 00001C42 (0xb bytes), align: 0
  Segment part 54.            Intra module refs:   Segment part 53
                                                   gapCentProcessHCICmdEvt
    -------------------------------------------------------------------------
<BANKED_CODE,CODE_C> 1 (was BANKED_CODE)
  Relative segment, address: CODE 00001C43 - 00001C65 (0x23 bytes), align: 0
  Segment part 55.            Intra module refs:   gapSendScanEnable::?relay
           LOCAL                   ADDRESS         
           =====                   =======         
           gapSendScanEnable       00001C43 
               calls direct
               XSTACK = 0000000C ( 0000000A )
    -------------------------------------------------------------------------
<BANKED_CODE,CODE_C> 1 (was BANKED_CODE)
  Relative segment, address: CODE 00001C66 - 00001D7F (0x11a bytes), align: 0
  Segment part 57.            Intra module refs:   gapSendDeviceInfoEvent::?relay
           LOCAL                   ADDRESS         
           =====                   =======         
           gapSendDeviceInfoEvent
                                   00001C66 
               calls direct
               XSTACK = 0000000C ( 00000010 )
               ISTACK = 00000000 ( 00000001 )
    -------------------------------------------------------------------------
<BANKED_CODE,CODE_C> 1 (was BANKED_CODE)
  Relative segment, address: CODE 00001D80 - 00001D87 (0x8 bytes), align: 0
  Segment part 59.            Intra module refs:   gapSendDevDiscEvent
                                                   gapSendDeviceInfoEvent
    -------------------------------------------------------------------------
<BANKED_CODE,CODE_C> 1 (was BANKED_CODE)
  Relative segment, address: CODE 00001D88 - 00001D90 (0x9 bytes), align: 0
  Segment part 60.            Intra module refs:   gapSendDeviceInfoEvent
    -------------------------------------------------------------------------
XDATA_ID
  Relative segment, address: CODE 0000014B - 0000014E (0x4 bytes), align: 0
  Segment part 9.             Intra module refs:   Segment part 8
    -------------------------------------------------------------------------
BANK_RELAYS
  Relative segment, address: CODE 000001BD - 000001C2 (0x6 bytes), align: 0
  Segment part 13.
           ENTRY                   ADDRESS         REF BY
           =====                   =======         ======
           GAP_DeviceDiscoveryRequest::?relay
                                   000001BD        GAPObserverRole_StartDiscovery (observer)
    -------------------------------------------------------------------------
BANK_RELAYS
  Relative segment, address: CODE 000001C3 - 000001C8 (0x6 bytes), align: 0
  Segment part 21.
           ENTRY                   ADDRESS         REF BY
           =====                   =======         ======
           GAP_DeviceDiscoveryCancel::?relay
                                   000001C3        GAPObserverRole_CancelDiscovery (observer)
    -------------------------------------------------------------------------
BANK_RELAYS
  Relative segment, address: CODE 000001C9 - 000001CE (0x6 bytes), align: 0
  Segment part 24.
           ENTRY                   ADDRESS         REF BY
           =====                   =======         ======
           GAP_CentDevMgrInit::?relay
                                   000001C9        GAP_DeviceInit (gap)
    -------------------------------------------------------------------------
BANK_RELAYS
  Relative segment, address: CODE 000001CF - 000001D4 (0x6 bytes), align: 0
  Segment part 28.            Intra module refs:   Segment part 9
           LOCAL                   ADDRESS         
           =====                   =======         
           gapCentProcessHCICmdEvt::?relay
                                   000001CF 
    -------------------------------------------------------------------------
BANK_RELAYS
  Relative segment, address: CODE 000001D5 - 000001DA (0x6 bytes), align: 0
  Segment part 35.            Intra module refs:   gapCentProcessHCICmdEvt
           ENTRY                   ADDRESS         REF BY
           =====                   =======         ======
           gapSetScanParamStatus::?relay
                                   000001D5 
    -------------------------------------------------------------------------
BANK_RELAYS
  Relative segment, address: CODE 000001DB - 000001E0 (0x6 bytes), align: 0
  Segment part 37.            Intra module refs:   Segment part 9
           LOCAL                   ADDRESS         
           =====                   =======         
           gapProcessScanningEvt::?relay
                                   000001DB 
    -------------------------------------------------------------------------
BANK_RELAYS
  Relative segment, address: CODE 000001E1 - 000001E6 (0x6 bytes), align: 0
  Segment part 39.            Intra module refs:   GAP_CentDevMgrInit
                                                   gapSendDevDiscEvent
           LOCAL                   ADDRESS         
           =====                   =======         
           gapFreeScanRecs::?relay
                                   000001E1 
    -------------------------------------------------------------------------
BANK_RELAYS
  Relative segment, address: CODE 000001E7 - 000001EC (0x6 bytes), align: 0
  Segment part 45.            Intra module refs:   gapProcessScanningEvt
           LOCAL                   ADDRESS         
           =====                   =======         
           gapProcessAdvertDevInfo::?relay
                                   000001E7 
    -------------------------------------------------------------------------
BANK_RELAYS
  Relative segment, address: CODE 000001ED - 000001F2 (0x6 bytes), align: 0
  Segment part 49.            Intra module refs:   GAP_DeviceDiscoveryCancel
                                                   gapProcessScanningEvt
                                                   gapSetScanParamStatus
           LOCAL                   ADDRESS         
           =====                   =======         
           gapSendDevDiscEvent::?relay
                                   000001ED 
    -------------------------------------------------------------------------
BANK_RELAYS
  Relative segment, address: CODE 000001F3 - 000001F8 (0x6 bytes), align: 0
  Segment part 56.            Intra module refs:   GAP_DeviceDiscoveryCancel
                                                   gapProcessScanningEvt
                                                   gapSetScanParamStatus
           LOCAL                   ADDRESS         
           =====                   =======         
           gapSendScanEnable::?relay
                                   000001F3 
    -------------------------------------------------------------------------
BANK_RELAYS
  Relative segment, address: CODE 000001F9 - 000001FE (0x6 bytes), align: 0
  Segment part 58.            Intra module refs:   gapProcessScanningEvt
           LOCAL                   ADDRESS         
           =====                   =======         
           gapSendDeviceInfoEvent::?relay
                                   000001F9 

    -------------------------------------------------------------------------
  LIBRARY MODULE, NAME : gap_configmgr

  SEGMENTS IN THE MODULE
  ======================
XDATA_I
  Relative segment, address: XDATA 0000045D - 0000045D (0x1 bytes), align: 0
  Segment part 6.             Intra module refs:   GAP_ParamsInit
                                                   gapProcessRandomAddrComplete
                                                   gapSendDeviceInitDoneEvent
           ENTRY                   ADDRESS         REF BY
           =====                   =======         ======
           gapAppTaskID            0000045D 
    -------------------------------------------------------------------------
XDATA_Z
  Relative segment, address: XDATA 00000284 - 00000284 (0x1 bytes), align: 0
  Segment part 8.             Intra module refs:   GAP_ParamsInit
           ENTRY                   ADDRESS         REF BY
           =====                   =======         ======
           gapProfileRole          00000284        GAP_CentDevMgrInit (gap_centdevmgr)
                                                   GAP_DeviceDiscoveryRequest (gap_centdevmgr)
    -------------------------------------------------------------------------
XDATA_Z
  Relative segment, address: XDATA 00000285 - 00000285 (0x1 bytes), align: 0
  Segment part 9.             Intra module refs:   gapProcessRandomAddrComplete
           ENTRY                   ADDRESS         REF BY
           =====                   =======         ======
           gapDeviceAddrMode       00000285        GAP_DeviceDiscoveryRequest (gap_centdevmgr)
    -------------------------------------------------------------------------
XDATA_Z
  Relative segment, address: XDATA 00000286 - 00000286 (0x1 bytes), align: 0
  Segment part 11.            Intra module refs:   gapProcessRandomAddrComplete
           ENTRY                   ADDRESS         REF BY
           =====                   =======         ======
           gapAutoAdvPrivateAddrChange
                                   00000286 
    -------------------------------------------------------------------------
XDATA_Z
  Relative segment, address: XDATA 00000287 - 00000296 (0x10 bytes), align: 0
  Segment part 12.            Intra module refs:   GAP_ParamsInit
                                                   gapReadBD_ADDRStatus
                                                   gapReadBufSizeCmdStatus
                                                   gapSendDeviceInitDoneEvent
    -------------------------------------------------------------------------
XDATA_I
  Relative segment, address: XDATA 0000045E - 000004AB (0x4e bytes), align: 0
  Segment part 13.            Intra module refs:   Segment part 22
    -------------------------------------------------------------------------
XDATA_Z
  Relative segment, address: XDATA 00000297 - 0000029C (0x6 bytes), align: 0
  Segment part 15.            Intra module refs:   gapProcessRandomAddrComplete
    -------------------------------------------------------------------------
<BANKED_CODE,CODE_C> 1 (was BANKED_CODE)
  Relative segment, address: CODE 0000602F - 00006056 (0x28 bytes), align: 0
  Segment part 18.            Intra module refs:   GAP_SetParamValue::?relay
           ENTRY                   ADDRESS         REF BY
           =====                   =======         ======
           GAP_SetParamValue       0000602F 
               ISTACK = 00000000 ( 00000002 )
    -------------------------------------------------------------------------
<BANKED_CODE,CODE_C> 1 (was BANKED_CODE)
  Relative segment, address: CODE 00006057 - 00006072 (0x1c bytes), align: 0
  Segment part 20.            Intra module refs:   GAP_GetParamValue::?relay
           ENTRY                   ADDRESS         REF BY
           =====                   =======         ======
           GAP_GetParamValue       00006057 
               XSTACK = 00000014 ( 00000000 )
               ISTACK = 00000000 ( 00000002 )
    -------------------------------------------------------------------------
<BANKED_CODE,CODE_C> 1 (was BANKED_CODE)
  Relative segment, address: CODE 00006073 - 00006084 (0x12 bytes), align: 0
  Segment part 22.            Intra module refs:   GAP_GetParamValue
                                                   GAP_SetParamValue
    -------------------------------------------------------------------------
<BANKED_CODE,CODE_C> 1 (was BANKED_CODE)
  Relative segment, address: CODE 00006085 - 000060B6 (0x32 bytes), align: 0
  Segment part 23.            Intra module refs:   GAP_ParamsInit::?relay
           ENTRY                   ADDRESS         REF BY
           =====                   =======         ======
           GAP_ParamsInit          00006085 
               calls direct
               XSTACK = 00000000 ( 00000009 )
    -------------------------------------------------------------------------
<BANKED_CODE,CODE_C> 1 (was BANKED_CODE)
  Relative segment, address: CODE 000060B7 - 000060BB (0x5 bytes), align: 0
  Segment part 25.            Intra module refs:   GAP_ParamsInit
                                                   gapReadBufSizeCmdStatus
    -------------------------------------------------------------------------
<BANKED_CODE,CODE_C> 1 (was BANKED_CODE)
  Relative segment, address: CODE 000060BC - 00006101 (0x46 bytes), align: 0
  Segment part 30.            Intra module refs:   gapReadBD_ADDRStatus::?relay
           ENTRY                   ADDRESS         REF BY
           =====                   =======         ======
           gapReadBD_ADDRStatus    000060BC 
               calls direct
               XSTACK = 00000000 ( 0000000C )
    -------------------------------------------------------------------------
<BANKED_CODE,CODE_C> 1 (was BANKED_CODE)
  Relative segment, address: CODE 00006102 - 00006106 (0x5 bytes), align: 0
  Segment part 32.            Intra module refs:   gapReadBD_ADDRStatus
    -------------------------------------------------------------------------
<BANKED_CODE,CODE_C> 1 (was BANKED_CODE)
  Relative segment, address: CODE 00006107 - 00006151 (0x4b bytes), align: 0
  Segment part 33.            Intra module refs:   gapReadBufSizeCmdStatus::?relay
           ENTRY                   ADDRESS         REF BY
           =====                   =======         ======
           gapReadBufSizeCmdStatus
                                   00006107 
               calls direct
               XSTACK = 00000000 ( 00000009 )
    -------------------------------------------------------------------------
<BANKED_CODE,CODE_C> 1 (was BANKED_CODE)
  Relative segment, address: CODE 00006152 - 00006158 (0x7 bytes), align: 0
  Segment part 40.            Intra module refs:   GAP_GetParamValue
                                                   GAP_SetParamValue
                                                   gapDetermineAddrType
    -------------------------------------------------------------------------
<BANKED_CODE,CODE_C> 1 (was BANKED_CODE)
  Relative segment, address: CODE 00006159 - 0000615E (0x6 bytes), align: 0
  Segment part 42.            Intra module refs:   GAP_GetParamValue
    -------------------------------------------------------------------------
<BANKED_CODE,CODE_C> 1 (was BANKED_CODE)
  Relative segment, address: CODE 0000615F - 0000618C (0x2e bytes), align: 0
  Segment part 43.            Intra module refs:   gapDetermineAddrType::?relay
           ENTRY                   ADDRESS         REF BY
           =====                   =======         ======
           gapDetermineAddrType    0000615F 
               ISTACK = 00000000 ( 00000002 )
    -------------------------------------------------------------------------
<BANKED_CODE,CODE_C> 1 (was BANKED_CODE)
  Relative segment, address: CODE 0000618D - 0000622B (0x9f bytes), align: 0
  Segment part 45.            Intra module refs:   gapProcessRandomAddrComplete::?relay
           ENTRY                   ADDRESS         REF BY
           =====                   =======         ======
           gapProcessRandomAddrComplete
                                   0000618D 
               calls direct
               XSTACK = 00000000 ( 00000010 )
               ISTACK = 00000000 ( 00000001 )
    -------------------------------------------------------------------------
<BANKED_CODE,CODE_C> 1 (was BANKED_CODE)
  Relative segment, address: CODE 0000622C - 00006230 (0x5 bytes), align: 0
  Segment part 47.            Intra module refs:   gapProcessRandomAddrComplete
                                                   gapSendDeviceInitDoneEvent
    -------------------------------------------------------------------------
<BANKED_CODE,CODE_C> 1 (was BANKED_CODE)
  Relative segment, address: CODE 00006231 - 00006231 (0x1 bytes), align: 0
  Segment part 48.            Intra module refs:   gapProcessRandomAddrComplete
                                                   gapReadBufSizeCmdStatus
    -------------------------------------------------------------------------
<BANKED_CODE,CODE_C> 1 (was BANKED_CODE)
  Relative segment, address: CODE 00006232 - 00006237 (0x6 bytes), align: 0
  Segment part 49.            Intra module refs:   Segment part 48
                                                   gapProcessRandomAddrComplete
                                                   gapSendDeviceInitDoneEvent
    -------------------------------------------------------------------------
<BANKED_CODE,CODE_C> 1 (was BANKED_CODE)
  Relative segment, address: CODE 00006238 - 00006241 (0xa bytes), align: 0
  Segment part 50.            Intra module refs:   gapProcessRandomAddrComplete
                                                   gapSendDeviceInitDoneEvent
    -------------------------------------------------------------------------
<BANKED_CODE,CODE_C> 1 (was BANKED_CODE)
  Relative segment, address: CODE 00006242 - 00006249 (0x8 bytes), align: 0
  Segment part 51.            Intra module refs:   Segment part 50
    -------------------------------------------------------------------------
<BANKED_CODE,CODE_C> 1 (was BANKED_CODE)
  Relative segment, address: CODE 0000624A - 000062C7 (0x7e bytes), align: 0
  Segment part 67.            Intra module refs:   gapSendDeviceInitDoneEvent::?relay
           LOCAL                   ADDRESS         
           =====                   =======         
           gapSendDeviceInitDoneEvent
                                   0000624A 
               calls direct
               XSTACK = 0000000A ( 0000000E )
               ISTACK = 00000000 ( 00000001 )
    -------------------------------------------------------------------------
<BANKED_CODE,CODE_C> 1 (was BANKED_CODE)
  Relative segment, address: CODE 000062C8 - 000062D0 (0x9 bytes), align: 0
  Segment part 71.            Intra module refs:   gapReadBufSizeCmdStatus
    -------------------------------------------------------------------------
XDATA_ID
  Relative segment, address: CODE 0000014F - 0000014F (0x1 bytes), align: 0
  Segment part 7.             Intra module refs:   gapAppTaskID
    -------------------------------------------------------------------------
XDATA_ID
  Relative segment, address: CODE 00000150 - 0000019D (0x4e bytes), align: 0
  Segment part 14.            Intra module refs:   Segment part 13
    -------------------------------------------------------------------------
<XDATA_ROM_C> 1 (was XDATA_ROM_C)
  Relative segment, address: CONST 00008EDF - 00008EE2 (0x4 bytes), align: 0
  Segment part 16.            Intra module refs:   gapProcessRandomAddrComplete
           ENTRY                   ADDRESS         REF BY
           =====                   =======         ======
           __Constant_ea60         00008EDF 
    -------------------------------------------------------------------------
BANK_RELAYS
  Relative segment, address: CODE 000001FF - 00000204 (0x6 bytes), align: 0
  Segment part 19.
           ENTRY                   ADDRESS         REF BY
           =====                   =======         ======
           GAP_SetParamValue::?relay
                                   000001FF        SimpleBLEObserver_Init (simpleBLEObserver)
    -------------------------------------------------------------------------
BANK_RELAYS
  Relative segment, address: CODE 00000205 - 0000020A (0x6 bytes), align: 0
  Segment part 21.
           ENTRY                   ADDRESS         REF BY
           =====                   =======         ======
           GAP_GetParamValue::?relay
                                   00000205        GAP_DeviceDiscoveryRequest (gap_centdevmgr)
                                                   gapProcessScanningEvt (gap_centdevmgr)
                                                   gapSendScanEnable (gap_centdevmgr)
                                                   gapSetScanParamStatus (gap_centdevmgr)
    -------------------------------------------------------------------------
BANK_RELAYS
  Relative segment, address: CODE 0000020B - 00000210 (0x6 bytes), align: 0
  Segment part 24.
           ENTRY                   ADDRESS         REF BY
           =====                   =======         ======
           GAP_ParamsInit::?relay
                                   0000020B        GAP_DeviceInit (gap)
    -------------------------------------------------------------------------
BANK_RELAYS
  Relative segment, address: CODE 00000211 - 00000216 (0x6 bytes), align: 0
  Segment part 31.
           ENTRY                   ADDRESS         REF BY
           =====                   =======         ======
           gapReadBD_ADDRStatus::?relay
                                   00000211        gapProcessHCICmdCompleteEvt (gap_simpletask)
    -------------------------------------------------------------------------
BANK_RELAYS
  Relative segment, address: CODE 00000217 - 0000021C (0x6 bytes), align: 0
  Segment part 34.
           ENTRY                   ADDRESS         REF BY
           =====                   =======         ======
           gapReadBufSizeCmdStatus::?relay
                                   00000217        gapProcessHCICmdCompleteEvt (gap_simpletask)
    -------------------------------------------------------------------------
BANK_RELAYS
  Relative segment, address: CODE 0000021D - 00000222 (0x6 bytes), align: 0
  Segment part 44.
           ENTRY                   ADDRESS         REF BY
           =====                   =======         ======
           gapDetermineAddrType::?relay
                                   0000021D        gapProcessAdvertDevInfo (gap_centdevmgr)
    -------------------------------------------------------------------------
BANK_RELAYS
  Relative segment, address: CODE 00000223 - 00000228 (0x6 bytes), align: 0
  Segment part 46.
           ENTRY                   ADDRESS         REF BY
           =====                   =======         ======
           gapProcessRandomAddrComplete::?relay
                                   00000223        gapProcessHCICmdCompleteEvt (gap_simpletask)
    -------------------------------------------------------------------------
BANK_RELAYS
  Relative segment, address: CODE 00000229 - 0000022E (0x6 bytes), align: 0
  Segment part 68.            Intra module refs:   gapReadBD_ADDRStatus
                                                   gapReadBufSizeCmdStatus
           LOCAL                   ADDRESS         
           =====                   =======         
           gapSendDeviceInitDoneEvent::?relay
                                   00000229 
    -------------------------------------------------------------------------
<XDATA_ROM_C_FLASH> 1 (was XDATA_ROM_C_FLASH)
  Relative segment, address: CODE 00008EDF - 00008EE2 (0x4 bytes), align: 0
  Segment part 72.            Intra module refs:   __Constant_ea60

    -------------------------------------------------------------------------
  LIBRARY MODULE, NAME : gap_devmgr

  SEGMENTS IN THE MODULE
  ======================
XDATA_Z
  Relative segment, address: XDATA 0000029D - 0000029E (0x2 bytes), align: 0
  Segment part 6.
           ENTRY                   ADDRESS         REF BY
           =====                   =======         ======
           pGapDiscReq             0000029D        GAP_DeviceDiscoveryRequest (gap_centdevmgr)
                                                   Segment part 15 (gap_centdevmgr)
                                                   Segment part 18 (gap_centdevmgr)
                                                   Segment part 53 (gap_centdevmgr)
                                                   gapProcessAdvertDevInfo (gap_centdevmgr)
                                                   gapSendDevDiscEvent (gap_centdevmgr)
    -------------------------------------------------------------------------
<BANKED_CODE,CODE_C> 1 (was BANKED_CODE)
  Relative segment, address: CODE 000074FA - 00007511 (0x18 bytes), align: 0
  Segment part 15.            Intra module refs:   gapValidADType::?relay
           ENTRY                   ADDRESS         REF BY
           =====                   =======         ======
           gapValidADType          000074FA 
               XSTACK = 00000012 ( 00000000 )
    -------------------------------------------------------------------------
<BANKED_CODE,CODE_C> 1 (was BANKED_CODE)
  Relative segment, address: CODE 00007512 - 000075AA (0x99 bytes), align: 0
  Segment part 17.            Intra module refs:   gapFindADType::?relay
           ENTRY                   ADDRESS         REF BY
           =====                   =======         ======
           gapFindADType           00007512 
               calls direct
               XSTACK = 00000002 ( 00000012 )
               ISTACK = 00000000 ( 00000001 )
    -------------------------------------------------------------------------
BANK_RELAYS
  Relative segment, address: CODE 0000022F - 00000234 (0x6 bytes), align: 0
  Segment part 16.            Intra module refs:   gapFindADType
           ENTRY                   ADDRESS         REF BY
           =====                   =======         ======
           gapValidADType::?relay
                                   0000022F 
    -------------------------------------------------------------------------
BANK_RELAYS
  Relative segment, address: CODE 00000235 - 0000023A (0x6 bytes), align: 0
  Segment part 18.
           ENTRY                   ADDRESS         REF BY
           =====                   =======         ======
           gapFindADType::?relay   00000235        gapProcessAdvertDevInfo (gap_centdevmgr)

    -------------------------------------------------------------------------
  LIBRARY MODULE, NAME : gap_simpletask

  SEGMENTS IN THE MODULE
  ======================
XDATA_Z
  Relative segment, address: XDATA 0000029F - 0000029F (0x1 bytes), align: 0
  Segment part 6.             Intra module refs:   GAP_Init
                                                   GAP_ProcessEvent
           ENTRY                   ADDRESS         REF BY
           =====                   =======         ======
           gapTaskID               0000029F        GAP_DeviceDiscoveryCancel (gap_centdevmgr)
                                                   gapProcessRandomAddrComplete (gap_configmgr)
                                                   gapSetScanParamStatus (gap_centdevmgr)
    -------------------------------------------------------------------------
XDATA_I
  Relative segment, address: XDATA 000004AC - 000004AC (0x1 bytes), align: 0
  Segment part 7.             Intra module refs:   GAP_ProcessEvent
                                                   GAP_RegisterForHCIMsgs
           ENTRY                   ADDRESS         REF BY
           =====                   =======         ======
           gapUnwantedTaskID       000004AC 
    -------------------------------------------------------------------------
XDATA_Z
  Relative segment, address: XDATA 000002A0 - 000002A1 (0x2 bytes), align: 0
  Segment part 9.             Intra module refs:   GAP_ProcessEvent
                                                   gapProcessHCICmdCompleteEvt
           ENTRY                   ADDRESS         REF BY
           =====                   =======         ======
           pfnPeripheralCBs        000002A0        gapProcessRandomAddrComplete (gap_configmgr)
    -------------------------------------------------------------------------
XDATA_Z
  Relative segment, address: XDATA 000002A2 - 000002A3 (0x2 bytes), align: 0
  Segment part 10.            Intra module refs:   Segment part 26
                                                   gapRegisterCentral
    -------------------------------------------------------------------------
<BANKED_CODE,CODE_C> 1 (was BANKED_CODE)
  Relative segment, address: CODE 00006516 - 00006520 (0xb bytes), align: 0
  Segment part 11.            Intra module refs:   GAP_RegisterForHCIMsgs::?relay
           ENTRY                   ADDRESS         REF BY
           =====                   =======         ======
           GAP_RegisterForHCIMsgs
                                   00006516 
               ISTACK = 00000000 ( 00000002 )
    -------------------------------------------------------------------------
<BANKED_CODE,CODE_C> 1 (was BANKED_CODE)
  Relative segment, address: CODE 00006521 - 00006532 (0x12 bytes), align: 0
  Segment part 13.            Intra module refs:   GAP_Init::?relay
           ENTRY                   ADDRESS         REF BY
           =====                   =======         ======
           GAP_Init                00006521 
               calls direct
               XSTACK = 00000000 ( 00000009 )
    -------------------------------------------------------------------------
<BANKED_CODE,CODE_C> 1 (was BANKED_CODE)
  Relative segment, address: CODE 00006533 - 000065FD (0xcb bytes), align: 0
  Segment part 15.            Intra module refs:   GAP_ProcessEvent::?relay
           ENTRY                   ADDRESS         REF BY
           =====                   =======         ======
           GAP_ProcessEvent        00006533 
               calls direct
               XSTACK = 00000000 ( 0000000C )
    -------------------------------------------------------------------------
<BANKED_CODE,CODE_C> 1 (was BANKED_CODE)
  Relative segment, address: CODE 000065FE - 00006602 (0x5 bytes), align: 0
  Segment part 17.            Intra module refs:   GAP_ProcessEvent
    -------------------------------------------------------------------------
<BANKED_CODE,CODE_C> 1 (was BANKED_CODE)
  Relative segment, address: CODE 00006603 - 0000660A (0x8 bytes), align: 0
  Segment part 18.            Intra module refs:   Segment part 17
                                                   gapProcessHCICmdCompleteEvt
    -------------------------------------------------------------------------
<BANKED_CODE,CODE_C> 1 (was BANKED_CODE)
  Relative segment, address: CODE 0000660B - 0000660F (0x5 bytes), align: 0
  Segment part 19.            Intra module refs:   GAP_NumActiveConnections::?relay
           ENTRY                   ADDRESS         REF BY
           =====                   =======         ======
           GAP_NumActiveConnections
                                   0000660B 
    -------------------------------------------------------------------------
<BANKED_CODE,CODE_C> 1 (was BANKED_CODE)
  Relative segment, address: CODE 00006610 - 000066CA (0xbb bytes), align: 0
  Segment part 21.            Intra module refs:   gapProcessHCICmdCompleteEvt::?relay
           LOCAL                   ADDRESS         
           =====                   =======         
           gapProcessHCICmdCompleteEvt
                                   00006610 
               calls direct
               XSTACK = 0000000C ( 0000000B )
    -------------------------------------------------------------------------
<BANKED_CODE,CODE_C> 1 (was BANKED_CODE)
  Relative segment, address: CODE 000066CB - 000066D4 (0xa bytes), align: 0
  Segment part 23.            Intra module refs:   Segment part 18
                                                   gapProcessHCICmdCompleteEvt
    -------------------------------------------------------------------------
<BANKED_CODE,CODE_C> 1 (was BANKED_CODE)
  Relative segment, address: CODE 000066D5 - 000066DA (0x6 bytes), align: 0
  Segment part 24.            Intra module refs:   Segment part 17
                                                   Segment part 25
                                                   gapProcessHCICmdCompleteEvt
    -------------------------------------------------------------------------
<BANKED_CODE,CODE_C> 1 (was BANKED_CODE)
  Relative segment, address: CODE 000066DB - 000066EB (0x11 bytes), align: 0
  Segment part 25.            Intra module refs:   gapProcessHCICmdCompleteEvt
    -------------------------------------------------------------------------
<BANKED_CODE,CODE_C> 1 (was BANKED_CODE)
  Relative segment, address: CODE 000066EC - 000066EE (0x3 bytes), align: 0
  Segment part 26.            Intra module refs:   GAP_ProcessEvent
                                                   gapProcessHCICmdCompleteEvt
    -------------------------------------------------------------------------
<BANKED_CODE,CODE_C> 1 (was BANKED_CODE)
  Relative segment, address: CODE 000066EF - 000066F6 (0x8 bytes), align: 0
  Segment part 27.            Intra module refs:   GAP_ProcessEvent
                                                   Segment part 26
                                                   gapProcessHCICmdCompleteEvt
    -------------------------------------------------------------------------
<BANKED_CODE,CODE_C> 1 (was BANKED_CODE)
  Relative segment, address: CODE 000066F7 - 000066FD (0x7 bytes), align: 0
  Segment part 28.            Intra module refs:   gapRegisterCentral::?relay
           ENTRY                   ADDRESS         REF BY
           =====                   =======         ======
           gapRegisterCentral      000066F7 
               ISTACK = 00000000 ( 00000002 )
    -------------------------------------------------------------------------
<BANKED_CODE,CODE_C> 1 (was BANKED_CODE)
  Relative segment, address: CODE 000066FE - 00006701 (0x4 bytes), align: 0
  Segment part 30.            Intra module refs:   gapRegisterCentral
    -------------------------------------------------------------------------
<BANKED_CODE,CODE_C> 1 (was BANKED_CODE)
  Relative segment, address: CODE 00006702 - 00006709 (0x8 bytes), align: 0
  Segment part 31.            Intra module refs:   GAP_RegisterForHCIMsgs
                                                   Segment part 30
    -------------------------------------------------------------------------
XDATA_ID
  Relative segment, address: CODE 0000019E - 0000019E (0x1 bytes), align: 0
  Segment part 8.             Intra module refs:   gapUnwantedTaskID
    -------------------------------------------------------------------------
BANK_RELAYS
  Relative segment, address: CODE 0000023B - 00000240 (0x6 bytes), align: 0
  Segment part 12.
           ENTRY                   ADDRESS         REF BY
           =====                   =======         ======
           GAP_RegisterForHCIMsgs::?relay
                                   0000023B        GAPObserverRole_Init (observer)
    -------------------------------------------------------------------------
BANK_RELAYS
  Relative segment, address: CODE 00000241 - 00000246 (0x6 bytes), align: 0
  Segment part 14.
           ENTRY                   ADDRESS         REF BY
           =====                   =======         ======
           GAP_Init::?relay        00000241        osalInitTasks (OSAL_SimpleBLEObserver)
    -------------------------------------------------------------------------
BANK_RELAYS
  Relative segment, address: CODE 00000247 - 0000024C (0x6 bytes), align: 0
  Segment part 16.
           ENTRY                   ADDRESS         REF BY
           =====                   =======         ======
           GAP_ProcessEvent::?relay
                                   00000247        tasksArr (OSAL_SimpleBLEObserver)
    -------------------------------------------------------------------------
BANK_RELAYS
  Relative segment, address: CODE 0000024D - 00000252 (0x6 bytes), align: 0
  Segment part 20.
           ENTRY                   ADDRESS         REF BY
           =====                   =======         ======
           GAP_NumActiveConnections::?relay
                                   0000024D        GAP_DeviceDiscoveryRequest (gap_centdevmgr)
    -------------------------------------------------------------------------
BANK_RELAYS
  Relative segment, address: CODE 00000253 - 00000258 (0x6 bytes), align: 0
  Segment part 22.            Intra module refs:   GAP_ProcessEvent
           LOCAL                   ADDRESS         
           =====                   =======         
           gapProcessHCICmdCompleteEvt::?relay
                                   00000253 
    -------------------------------------------------------------------------
BANK_RELAYS
  Relative segment, address: CODE 00000259 - 0000025E (0x6 bytes), align: 0
  Segment part 29.
           ENTRY                   ADDRESS         REF BY
           =====                   =======         ======
           gapRegisterCentral::?relay
                                   00000259        GAP_CentDevMgrInit (gap_centdevmgr)

    -------------------------------------------------------------------------
  LIBRARY MODULE, NAME : hci

  SEGMENTS IN THE MODULE
  ======================
XDATA_Z
  Relative segment, address: XDATA 000002A4 - 000002A4 (0x1 bytes), align: 0
  Segment part 9.
           ENTRY                   ADDRESS         REF BY
           =====                   =======         ======
           hciPTMenabled           000002A4        HCI_CommandCompleteEvent (hci_event)
                                                   HCI_Init (hci_tl)
    -------------------------------------------------------------------------
XDATA_Z
  Relative segment, address: XDATA 000002A5 - 000002A5 (0x1 bytes), align: 0
  Segment part 12.
           ENTRY                   ADDRESS         REF BY
           =====                   =======         ======
           hciCtrlCmdToken         000002A5        Segment part 35 (hci_event)
    -------------------------------------------------------------------------
<BANKED_CODE,CODE_C> 1 (was BANKED_CODE)
  Relative segment, address: CODE 000068FB - 00006902 (0x8 bytes), align: 0
  Segment part 30.            Intra module refs:   Segment part 110
                                                   Segment part 45
    -------------------------------------------------------------------------
<BANKED_CODE,CODE_C> 1 (was BANKED_CODE)
  Relative segment, address: CODE 00006903 - 0000692A (0x28 bytes), align: 0
  Segment part 34.            Intra module refs:   HCI_ReadBDADDRCmd::?relay
           ENTRY                   ADDRESS         REF BY
           =====                   =======         ======
           HCI_ReadBDADDRCmd       00006903 
               calls direct
               XSTACK = 00000000 ( 00000007 )
               ISTACK = 00000000 ( 00000003 )
    -------------------------------------------------------------------------
<BANKED_CODE,CODE_C> 1 (was BANKED_CODE)
  Relative segment, address: CODE 0000692B - 0000695A (0x30 bytes), align: 0
  Segment part 42.            Intra module refs:   HCI_LE_ReadBufSizeCmd::?relay
           ENTRY                   ADDRESS         REF BY
           =====                   =======         ======
           HCI_LE_ReadBufSizeCmd   0000692B 
               calls direct
               XSTACK = 00000000 ( 00000004 )
               ISTACK = 00000000 ( 00000002 )
    -------------------------------------------------------------------------
<BANKED_CODE,CODE_C> 1 (was BANKED_CODE)
  Relative segment, address: CODE 0000695B - 00006961 (0x7 bytes), align: 0
  Segment part 44.            Intra module refs:   HCI_LE_ReadBufSizeCmd
    -------------------------------------------------------------------------
<BANKED_CODE,CODE_C> 1 (was BANKED_CODE)
  Relative segment, address: CODE 00006962 - 00006967 (0x6 bytes), align: 0
  Segment part 45.            Intra module refs:   HCI_LE_ReadBufSizeCmd
    -------------------------------------------------------------------------
<BANKED_CODE,CODE_C> 1 (was BANKED_CODE)
  Relative segment, address: CODE 00006968 - 000069A1 (0x3a bytes), align: 0
  Segment part 50.            Intra module refs:   HCI_LE_SetScanParamCmd::?relay
           ENTRY                   ADDRESS         REF BY
           =====                   =======         ======
           HCI_LE_SetScanParamCmd
                                   00006968 
               calls direct
               XSTACK = 00000002 ( 0000000C )
               ISTACK = 00000000 ( 00000001 )
    -------------------------------------------------------------------------
<BANKED_CODE,CODE_C> 1 (was BANKED_CODE)
  Relative segment, address: CODE 000069A2 - 000069B6 (0x15 bytes), align: 0
  Segment part 52.            Intra module refs:   HCI_LE_SetScanEnableCmd::?relay
           ENTRY                   ADDRESS         REF BY
           =====                   =======         ======
           HCI_LE_SetScanEnableCmd
                                   000069A2 
               calls direct
               XSTACK = 00000000 ( 0000000A )
               ISTACK = 00000000 ( 00000001 )
    -------------------------------------------------------------------------
<BANKED_CODE,CODE_C> 1 (was BANKED_CODE)
  Relative segment, address: CODE 000069B7 - 000069C3 (0xd bytes), align: 0
  Segment part 56.            Intra module refs:   HCI_ReadBDADDRCmd
    -------------------------------------------------------------------------
<BANKED_CODE,CODE_C> 1 (was BANKED_CODE)
  Relative segment, address: CODE 000069C4 - 000069CA (0x7 bytes), align: 0
  Segment part 61.            Intra module refs:   HCI_LE_SetScanEnableCmd
                                                   HCI_LE_SetScanParamCmd
    -------------------------------------------------------------------------
<BANKED_CODE,CODE_C> 1 (was BANKED_CODE)
  Relative segment, address: CODE 000069CB - 000069D2 (0x8 bytes), align: 0
  Segment part 62.            Intra module refs:   Segment part 61
    -------------------------------------------------------------------------
<BANKED_CODE,CODE_C> 1 (was BANKED_CODE)
  Relative segment, address: CODE 000069D3 - 000069DA (0x8 bytes), align: 0
  Segment part 67.            Intra module refs:   LL_RandCback
    -------------------------------------------------------------------------
<BANKED_CODE,CODE_C> 1 (was BANKED_CODE)
  Relative segment, address: CODE 000069DB - 000069DF (0x5 bytes), align: 0
  Segment part 80.            Intra module refs:   Segment part 140
    -------------------------------------------------------------------------
<BANKED_CODE,CODE_C> 1 (was BANKED_CODE)
  Relative segment, address: CODE 000069E0 - 000069E7 (0x8 bytes), align: 0
  Segment part 87.            Intra module refs:   Segment part 30
    -------------------------------------------------------------------------
<BANKED_CODE,CODE_C> 1 (was BANKED_CODE)
  Relative segment, address: CODE 000069E8 - 000069F0 (0x9 bytes), align: 0
  Segment part 91.            Intra module refs:   HCI_LE_SetScanEnableCmd
                                                   HCI_LE_SetScanParamCmd
    -------------------------------------------------------------------------
<BANKED_CODE,CODE_C> 1 (was BANKED_CODE)
[...]
           ENTRY                   ADDRESS         REF BY
           =====                   =======         ======
           ?PUSH_XSTACK_I          00000CD0 

    -------------------------------------------------------------------------
  LIBRARY MODULE, NAME : ?PUSH_XSTACK8_X

  SEGMENTS IN THE MODULE
  ======================
RCODE
  Relative segment, address: CODE 00000CDD - 00000CE0 (0x4 bytes), align: 0
  Segment part 1.
           ENTRY                   ADDRESS         REF BY
           =====                   =======         ======
           ?PUSH_XSTACK8_X_FOUR    00000CDD        Hal_ProcessEvent (hal_drivers)
                                                   gapProcessRandomAddrComplete (gap_configmgr)
                                                   halProcessKeyInterrupt (hal_key)
                                                   halSleep (hal_sleep)
                                                   llScheduler (ll_scheduler)
    -------------------------------------------------------------------------
RCODE
  Relative segment, address: CODE 00000CE1 - 00000D09 (0x29 bytes), align: 0
  Segment part 5.             Intra module refs:   ?PUSH_XSTACK8_X_FOUR
           ENTRY                   ADDRESS         REF BY
           =====                   =======         ======
           ?PUSH_XSTACK8_X         00000CE1 

    -------------------------------------------------------------------------
  LIBRARY MODULE, NAME : ?US_SWITCH_DENSE

  SEGMENTS IN THE MODULE
  ======================
RCODE
  Relative segment, address: CODE 00000D0A - 00000D10 (0x7 bytes), align: 0
  Segment part 0.
           ENTRY                   ADDRESS         REF BY
           =====                   =======         ======
           ?US_SWITCH_DENSE        00000D0A        gapCentProcessHCICmdEvt (gap_centdevmgr)
           ?US_SWITCH_DENSE_CFI_INVALID_BEGINS
                                   00000D0A 
    -------------------------------------------------------------------------
RCODE
  Relative segment, address: CODE 00000D11 - 00000D4E (0x3e bytes), align: 0
  Segment part 2.             Intra module refs:   Segment part 0
    -------------------------------------------------------------------------
RCODE
  Relative segment, address: CODE 00000D4F - 00000D4F (0x1 bytes), align: 0
  Segment part 4.             Intra module refs:   Segment part 0
           ENTRY                   ADDRESS         REF BY
           =====                   =======         ======
           ?US_SWITCH_DENSE_CFI_INVALID_ENDS
                                   00000D50 

    -------------------------------------------------------------------------
  LIBRARY MODULE, NAME : ?US_SWITCH_SPARSE

  SEGMENTS IN THE MODULE
  ======================
RCODE
  Relative segment, address: CODE 00000D50 - 00000D59 (0xa bytes), align: 0
  Segment part 0.
           ENTRY                   ADDRESS         REF BY
           =====                   =======         ======
           ?US_SWITCH_SPARSE       00000D50        gapProcessHCICmdCompleteEvt (gap_simpletask)
           ?US_SWITCH_SPARSE_CFI_INVALID_BEGINS
                                   00000D50 
    -------------------------------------------------------------------------
RCODE
  Relative segment, address: CODE 00000D5A - 00000D9A (0x41 bytes), align: 0
  Segment part 2.             Intra module refs:   Segment part 0
           ENTRY                   ADDRESS         REF BY
           =====                   =======         ======
           ?US_SWITCH_SPARSE_LEAVE
                                   00000D8C        Segment part 0 (?US_JMP_IF_IN_RANGE)
                                                   Segment part 0 (?US_JMP_IF_VALUE)
    -------------------------------------------------------------------------
RCODE
  Relative segment, address: CODE 00000D9B - 00000D9B (0x1 bytes), align: 0
  Segment part 4.             Intra module refs:   Segment part 0
           ENTRY                   ADDRESS         REF BY
           =====                   =======         ======
           ?US_SWITCH_SPARSE_CFI_INVALID_ENDS
                                   00000D9C 

    -------------------------------------------------------------------------
  LIBRARY MODULE, NAME : ?US_JMP_IF_IN_RANGE

  SEGMENTS IN THE MODULE
  ======================
RCODE
  Relative segment, address: CODE 00000D9C - 00000DDA (0x3f bytes), align: 0
  Segment part 0.
           ENTRY                   ADDRESS         REF BY
           =====                   =======         ======
           ?US_JMP_IF_IN_RANGE     00000D9C        ?US_SWITCH_SPARSE_LEAVE (?US_SWITCH_SPARSE)
           ?US_JMP_IF_IN_RANGE_CFI_INVALID_BEGINS
                                   00000D9C 
           ?US_JMP_IF_IN_RANGE_CFI_INVALID_ENDS
                                   00000DDB 

    -------------------------------------------------------------------------
  LIBRARY MODULE, NAME : ?US_JMP_IF_VALUE

  SEGMENTS IN THE MODULE
  ======================
RCODE
  Relative segment, address: CODE 00000DDB - 00000E05 (0x2b bytes), align: 0
  Segment part 0.
           ENTRY                   ADDRESS         REF BY
           =====                   =======         ======
           ?US_JMP_IF_VALUE        00000DDB        ?US_SWITCH_SPARSE_LEAVE (?US_SWITCH_SPARSE)
           ?US_JMP_IF_VALUE_CFI_INVALID_BEGINS
                                   00000DDB 
           ?US_JMP_IF_VALUE_CFI_INVALID_ENDS
                                   00000E06 

    -------------------------------------------------------------------------
  LIBRARY MODULE, NAME : ?memset

  SEGMENTS IN THE MODULE
  ======================
<BANKED_CODE,CODE_C> 1 (was BANKED_CODE)
  Relative segment, address: CODE 00007889 - 000078B4 (0x2c bytes), align: 0
  Segment part 6.             Intra module refs:   memset::?relay
           ENTRY                   ADDRESS         REF BY
           =====                   =======         ======
           memset                  00007889 
               XSTACK = 00000002 ( 00000000 )
               ISTACK = 00000000 ( 00000002 )
    -------------------------------------------------------------------------
BANK_RELAYS
  Relative segment, address: CODE 00000769 - 0000076E (0x6 bytes), align: 0
  Segment part 7.
           ENTRY                   ADDRESS         REF BY
           =====                   =======         ======
           memset::?relay          00000769        osal_memset (OSAL)

    -------------------------------------------------------------------------
  LIBRARY MODULE, NAME : ?strcat

  SEGMENTS IN THE MODULE
  ======================
<BANKED_CODE,CODE_C> 1 (was BANKED_CODE)
  Relative segment, address: CODE 00007853 - 00007888 (0x36 bytes), align: 0
  Segment part 6.             Intra module refs:   strcat::?relay
           ENTRY                   ADDRESS         REF BY
           =====                   =======         ======
           strcat                  00007853 
               XSTACK = 00000000 ( 00000009 )
               ISTACK = 00000000 ( 00000001 )
    -------------------------------------------------------------------------
BANK_RELAYS
  Relative segment, address: CODE 0000076F - 00000774 (0x6 bytes), align: 0
  Segment part 7.
           ENTRY                   ADDRESS         REF BY
           =====                   =======         ======
           strcat::?relay          0000076F        _ltoa (OSAL)

    -------------------------------------------------------------------------
  LIBRARY MODULE, NAME : ?strcpy

  SEGMENTS IN THE MODULE
  ======================
<BANKED_CODE,CODE_C> 1 (was BANKED_CODE)
  Relative segment, address: CODE 000078B5 - 000078DC (0x28 bytes), align: 0
  Segment part 6.             Intra module refs:   strcpy::?relay
           ENTRY                   ADDRESS         REF BY
           =====                   =======         ======
           strcpy                  000078B5 
               XSTACK = 00000000 ( 00000009 )
               ISTACK = 00000000 ( 00000001 )
    -------------------------------------------------------------------------
BANK_RELAYS
  Relative segment, address: CODE 00000775 - 0000077A (0x6 bytes), align: 0
  Segment part 7.
           ENTRY                   ADDRESS         REF BY
           =====                   =======         ======
           strcpy::?relay          00000775        _ltoa (OSAL)

    -------------------------------------------------------------------------
  LIBRARY MODULE, NAME : ?strlen

  SEGMENTS IN THE MODULE
  ======================
<BANKED_CODE,CODE_C> 1 (was BANKED_CODE)
  Relative segment, address: CODE 00007902 - 0000791F (0x1e bytes), align: 0
  Segment part 6.             Intra module refs:   strlen::?relay
           ENTRY                   ADDRESS         REF BY
           =====                   =======         ======
           strlen                  00007902 
               ISTACK = 00000000 ( 00000002 )
    -------------------------------------------------------------------------
BANK_RELAYS
  Relative segment, address: CODE 0000077B - 00000780 (0x6 bytes), align: 0
  Segment part 7.
           ENTRY                   ADDRESS         REF BY
           =====                   =======         ======
           strlen::?relay          0000077B        _ltoa (OSAL)
                                                   osal_strlen (OSAL)




                ****************************************
                *                                      *
                *            MODULE SUMMARY            *
                *                                      *
                ****************************************

Module                     CODE      DATA      XDATA  IDATA    BIT  CONST
------                     ----      ----      -----  -----    ---  -----
                          (Rel)  (Rel)  (Abs)  (Rel)  (Rel)  (Rel)  (Rel)
?ADD_XSTACK_DISP8            27
?ALLOC_XSTACK8               22
?BANKED_CODE_SUPPORT         30
?BANKED_ENTER_XDATA         108
?BANKED_LEAVE_XDATA          70
?CALL_IND                     2
?DEALLOC_XSTACK8             27
?FUNC_ENTER_XDATA           102
?FUNC_LEAVE_XDATA            64
?INTERRUPT_ENTER_XSP         95
?INTERRUPT_LEAVE_XSP         88
?L_ADD                       19
?L_ADD_TO_X                  19
?L_ADD_X                     19
?L_AND_X                     19
?L_EQ_X                      21
?L_MOV_TO_X                  15
?L_MOV_X                     15
?L_MUL                      128
?L_SHL                       31
?L_SUB                       20
?L_SUB_FROM_X                20
?MOVE_LONG8_XDATA_IDATA      13
?MOVE_LONG8_XDATA_XDATA      33
?PUSH_XSTACK8_X              45
?PUSH_XSTACK_I               23
?SS_SHR                      16
?S_DIV_MOD                   89
?S_SHL                       19
?UL_DIV_MOD                 111
?UL_GE_X                     31
?UL_GT                       16
?UL_GT_X                     16
?UL_SHR                      25
?US_JMP_IF_IN_RANGE          63
?US_JMP_IF_VALUE             43
?US_SHR                      15
?US_SWITCH_DENSE             70
?US_SWITCH_SPARSE            76
?XLOAD_R2345                 12
?XSTACK_DISP8                10
?XSTORE_R2345                12
?cexit                        5
?cmain                      132
?memset                      50
?strcat                      60
?strcpy                      46
?strlen                      36
CSTARTUP                     18
  + common                    3
OSAL                      2 093                    3                   13
OSAL_ClockBLE               253                   10
OSAL_Memory                 521                2 051
OSAL_PwrMgr                 176                    7
OSAL_SimpleBLEObserver       91                    2                   15
OSAL_Timers               1 179                    6
OnBoard                     396                    2
VIRTUAL_REGISTERS                    3                           8
gap                          43
gap_centdevmgr            2 511                    7
gap_configmgr               805                  104                    4
gap_devmgr                  189                    2
gap_simpletask              537                    6
hal_adc                     194             4      1
  + shared                                  1
hal_aes                      85
  + shared                                  3
hal_dma                      23             4     40
hal_drivers                 254                    1
  + shared                                                              4
hal_flash                   278
  + shared                                  1
hal_key                     541             5      5
  + shared                  110            11                           4
  + common
hal_lcd                     939             6      2                   18
  + shared                                  3
hal_led                   1 094                   40
hal_sleep                   680      1      2      2                   24
  + shared                   46             3
  + common
hal_startup                  11
hci                         510                    2
hci_event                 1 403                    9
hci_tl                      171                    6
ll                        1 723             4    100      2             4
  + shared                                  2                           8
ll_common                 1 628            10                          22
ll_constData                  8
ll_enc                      315             3
ll_errorEndCauses             9
ll_halt                       7      2
ll_isr                      573
  + shared                  134            10
  + common
ll_scanEndCauses          1 261                   37
ll_scheduler              1 716                   29                   16
ll_sleep                    634                                         8
  + shared                                                              4
ll_timer2                 1 184             8
observer                    395                   10
osal_bufmgr                 150                    2
osal_cbtimer                275                   62
osal_snv                  5 555                    4                    4
  + shared                                                              4
phy                       1 731                    1
phy_image                 3 582                                     3 582
simpleBLEObserver           954                   83                   84
simpleBLEObserver_Main       88             1
  + shared                                  1
N/A (command line)                  24           640    192
N/A (alignment)
----------               ------     --     --  -----    ---      -  -----
Total:                   38 811     30     82  3 276    194      8  3 818
  + common                  134


                ****************************************
                *                                      *
                *      SEGMENTS IN ADDRESS ORDER       *
                *                                      *
                ****************************************


SEGMENT              SPACE    START ADDRESS   END ADDRESS     SIZE  TYPE  ALIGN
=======              =====    =============   ===========     ====  ====  =====
INTVEC               CODE          00000000 - 00000085          86   com    0
CSTART               CODE          00000086 - 00000149          C4   rel    0
BDATA_ID             CODE               0000014A                     dse    0
BIT_ID               CODE               0000014A                     dse    0
DATA_ID              CODE          0000014A - 0000014A           1   rel    0
PDATA_ID             CODE               0000014B                     dse    0
IXDATA_ID            CODE               0000014B                     dse    0
IDATA_ID             CODE               0000014B                     dse    0
XDATA_ID             CODE          0000014B - 000001BC          72   rel    0
BANK_RELAYS          CODE          000001BD - 00000780         5C4   rel    0
RCODE                CODE          00000781 - 00000E05         685   rel    0
CODE_N               CODE               00000E06                     dse    0
DIFUNCT              CODE               00000E06                     dse    0
NEAR_CODE            CODE          00000E08 - 000013FC         5F5   rel    2
<BANKED_CODE> 1      CODE          000013FD - 000013FF           3   rel    0
<BANKED_CODE,CODE_C> 1
                     CODE          00001400 - 00007930        6531   rel    2
SLEEP_CODE           CODE          00007FF8 - 00007FFF           8   rel    0
<XDATA_ROM_C_FLASH> 1
                     CODE          00008000 - 00008EE9         EEA   rel    0
BLENV_ADDRESS_SPACE
                     CODE          0003E800 - 0003F7FF        1000   rel    0
REGISTERS            DATA          00000000 - 00000007           8   rel    0
VREG                 DATA          00000008 - 00000018          11   rel    0
PSP                  DATA               00000019                     dse    0
XSP                  DATA          00000019 - 0000001A           2   rel    0
DATA_I               DATA          0000001B - 0000001B           1   rel    0
DATA_Z               DATA          0000001C - 0000001D           2   rel    0
BREG                 BIT        00000020.0  -  00000020.7        8   rel    0
SFR_AN               DATA          00000080 - 00000080           1   rel    0
                     DATA          00000087 - 00000089           3 
                     DATA          0000008B - 0000008D           3 
                     DATA          00000090 - 00000091           2 
                     DATA          00000094 - 00000097           4 
                     DATA          0000009A - 000000A9          10 
                     DATA          000000AB - 000000AF           5 
                     DATA          000000B3 - 000000B4           2 
                     DATA          000000B6 - 000000B6           1 
                     DATA          000000B8 - 000000C0           9 
                     DATA          000000C3 - 000000C3           1 
                     DATA          000000C6 - 000000C7           2 
                     DATA          000000C9 - 000000C9           1 
                     DATA          000000D1 - 000000D7           7 
                     DATA          000000D9 - 000000DB           3 
                     DATA          000000E1 - 000000E5           5 
                     DATA          000000E8 - 000000E9           2 
                     DATA          000000F1 - 000000F2           2 
                     DATA          000000F2 - 000000F5           4 
                     DATA          000000F7 - 000000FF           9 
XSTACK               XDATA         00000001 - 00000280         280   rel    0
XDATA_Z              XDATA         00000281 - 00000458         1D8   rel    0
XDATA_I              XDATA         00000459 - 000004CA          72   rel    0
<XDATA_N> 1          XDATA         000004CB - 00000CCC         802   rel    0
<XDATA_ROM_C> 1      CONST         00008000 - 00008EE9         EEA   rel    0
IDATA_I              IDATA              0000001E                     dse    0
IDATA_Z              IDATA         0000001E - 0000001F           2   rel    0
ISTACK               IDATA         00000040 - 000000FF          C0   rel    0

                ****************************************
                *                                      *
                *        END OF CROSS REFERENCE        *
                *                                      *
                ****************************************

 38 945 bytes of CODE  memory
     30 bytes of DATA  memory (+ 82 absolute )
  3 276 bytes of XDATA memory
    194 bytes of IDATA memory
      8 bits  of BIT   memory
  3 818 bytes of CONST memory

Errors: none
Warnings: none

